2026-04-14T03:39:39.977916-04:00 kali systemd-modules-load[360]: Module 'fuse' is built in
2026-04-14T03:39:40.093718-04:00 kali systemd-udevd[385]: Using default interface naming scheme 'v259'.
2026-04-14T03:39:40.093844-04:00 kali systemd[1]: Starting systemd-journal-flush.service - Flush Journal to Persistent Storage...
2026-04-14T03:39:40.093855-04:00 kali systemd[1]: Finished systemd-udev-trigger.service - Coldplug All udev Devices.
2026-04-14T03:39:40.093866-04:00 kali systemd[1]: Starting ifupdown-pre.service - Helper to synchronize boot up for ifupdown...
2026-04-14T03:39:40.093872-04:00 kali systemd[1]: Finished ifupdown-pre.service - Helper to synchronize boot up for ifupdown.
2026-04-14T03:39:40.093879-04:00 kali systemd[1]: Starting networking.service - Raise network interfaces...
2026-04-14T03:39:40.093886-04:00 kali systemd[1]: Finished systemd-journal-flush.service - Flush Journal to Persistent Storage.
2026-04-14T03:39:40.093929-04:00 kali systemd[1]: Starting systemd-tmpfiles-setup.service - Create System Files and Directories...
2026-04-14T03:39:40.093936-04:00 kali systemd-tmpfiles[431]: /usr/lib/tmpfiles.d/legacy.conf:14: Duplicate line for path "/run/lock", ignoring.
2026-04-14T03:39:40.093945-04:00 kali systemd[1]: Started systemd-udevd.service - Rule-based Manager for Device Events and Files.
2026-04-14T03:39:40.093951-04:00 kali systemd[1]: Starting plymouth-start.service - Show Plymouth Boot Screen...
2026-04-14T03:39:40.093956-04:00 kali systemd[1]: Finished systemd-tmpfiles-setup.service - Create System Files and Directories.
2026-04-14T03:39:40.093990-04:00 kali systemd[1]: Mounting run-rpc_pipefs.mount - RPC Pipe File System...
2026-04-14T03:39:40.093997-04:00 kali systemd[1]: Started haveged.service - Entropy Daemon based on the HAVEGE algorithm.
2026-04-14T03:39:40.094003-04:00 kali systemd[1]: ldconfig.service - Rebuild Dynamic Linker Cache was skipped because no trigger condition checks were met.
2026-04-14T03:39:40.094009-04:00 kali systemd[1]: Starting open-vm-tools.service - Service for virtual machines hosted on VMware...
2026-04-14T03:39:40.094015-04:00 kali systemd[1]: systemd-firstboot.service - Initial Setup was skipped because of an unmet condition check (ConditionFirstBoot=yes).
2026-04-14T03:39:40.094021-04:00 kali systemd[1]: first-boot-complete.target - First Boot Complete was skipped because of an unmet condition check (ConditionFirstBoot=yes).
2026-04-14T03:39:40.094054-04:00 kali systemd[1]: systemd-journal-catalog-update.service - Rebuild Journal Catalog was skipped because of an unmet condition check (ConditionNeedsUpdate=/var).
2026-04-14T03:39:40.094061-04:00 kali systemd[1]: systemd-machine-id-commit.service - Save Transient machine-id to Disk was skipped because of an unmet condition check (ConditionPathIsMountPoint=/etc/machine-id).
2026-04-14T03:39:40.094067-04:00 kali systemd[1]: systemd-update-done.service - Update is Completed was skipped because no trigger condition checks were met.
2026-04-14T03:39:40.094074-04:00 kali systemd[1]: Started plymouth-start.service - Show Plymouth Boot Screen.
2026-04-14T03:39:40.094080-04:00 kali systemd[1]: Started open-vm-tools.service - Service for virtual machines hosted on VMware.
2026-04-14T03:39:40.094113-04:00 kali systemd[1]: systemd-ask-password-console.path - Dispatch Password Requests to Console Directory Watch was skipped because of an unmet condition check (ConditionPathExists=!/run/plymouth/pid).
2026-04-14T03:39:40.094120-04:00 kali systemd[1]: Started systemd-ask-password-plymouth.path - Forward Password Requests to Plymouth Directory Watch.
2026-04-14T03:39:40.094240-04:00 kali systemd[1]: Reached target cryptsetup.target - Local Encrypted Volumes.
2026-04-14T03:39:40.094254-04:00 kali systemd[1]: Reached target paths.target - Path Units.
2026-04-14T03:39:40.094260-04:00 kali systemd[1]: Reached target sysinit.target - System Initialization.
2026-04-14T03:39:40.094312-04:00 kali systemd[1]: Started apt-daily.timer - Daily apt download activities.
2026-04-14T03:39:40.094320-04:00 kali systemd[1]: Started apt-daily-upgrade.timer - Daily apt upgrade and clean activities.
2026-04-14T03:39:40.094328-04:00 kali systemd[1]: Started dpkg-db-backup.timer - Daily dpkg database backup timer.
2026-04-14T03:39:40.094334-04:00 kali systemd[1]: Started e2scrub_all.timer - Periodic ext4 Online Metadata Check for All Filesystems.
2026-04-14T03:39:40.094340-04:00 kali systemd[1]: Started exim4-base.timer - Daily exim4-base housekeeping.
2026-04-14T03:39:40.094346-04:00 kali systemd[1]: Started fstrim.timer - Discard unused filesystem blocks once a week.
2026-04-14T03:39:40.094386-04:00 kali systemd[1]: Started logrotate.timer - Daily rotation of log files.
2026-04-14T03:39:40.094393-04:00 kali systemd[1]: Started man-db.timer - Daily man-db regeneration.
2026-04-14T03:39:40.094399-04:00 kali systemd[1]: Started ntpsec-rotate-stats.timer - Rotate ntpd stats daily.
2026-04-14T03:39:40.094405-04:00 kali systemd[1]: Started phpsessionclean.timer - Clean PHP session files every 30 mins.
2026-04-14T03:39:40.094411-04:00 kali systemd[1]: Started plocate-updatedb.timer - Update the plocate database daily.
2026-04-14T03:39:40.094416-04:00 kali systemd[1]: Started systemd-tmpfiles-clean.timer - Daily Cleanup of Temporary Directories.
2026-04-14T03:39:40.094452-04:00 kali systemd[1]: Reached target timers.target - Timer Units.
2026-04-14T03:39:40.094458-04:00 kali systemd[1]: Listening on dbus.socket - D-Bus System Message Bus Socket.
2026-04-14T03:39:40.094464-04:00 kali systemd[1]: Listening on pcscd.socket - PC/SC Smart Card Daemon Activation Socket.
2026-04-14T03:39:40.094470-04:00 kali (haveged)[457]: haveged.service: Referenced but unset environment variable evaluates to an empty string: DAEMON_ARGS
2026-04-14T03:39:40.094476-04:00 kali systemd[1]: Listening on sshd-unix-local.socket - OpenSSH Server Socket (systemd-ssh-generator, AF_UNIX Local).
2026-04-14T03:39:40.094483-04:00 kali systemd[1]: Starting sshd-vsock.socket - OpenSSH Server Socket (systemd-ssh-generator, AF_VSOCK)...
2026-04-14T03:39:40.094521-04:00 kali systemd[1]: Listening on systemd-hostnamed.socket - Hostname Service Socket.
2026-04-14T03:39:40.094527-04:00 kali systemd[1]: Listening on systemd-logind-varlink.socket - User Login Management Varlink Socket.
2026-04-14T03:39:40.094533-04:00 kali systemd[1]: systemd-pcrphase-sysinit.service - TPM PCR Barrier (Initialization) was skipped because of an unmet condition check (ConditionSecurity=measured-uki).
2026-04-14T03:39:40.094539-04:00 kali haveged[457]: haveged: command socket is listening at fd 3
2026-04-14T03:39:40.094546-04:00 kali systemd[1]: Listening on sshd-vsock.socket - OpenSSH Server Socket (systemd-ssh-generator, AF_VSOCK).
2026-04-14T03:39:40.094553-04:00 kali systemd[1]: Reached target sockets.target - Socket Units.
2026-04-14T03:39:40.094589-04:00 kali systemd[1]: Reached target basic.target - Basic System.
2026-04-14T03:39:40.094597-04:00 kali systemd[1]: System is tainted: unmerged-bin
2026-04-14T03:39:40.094603-04:00 kali systemd[1]: Reached target ssh-access.target - SSH Access Available.
2026-04-14T03:39:40.094609-04:00 kali systemd[1]: Starting accounts-daemon.service - Accounts Service...
2026-04-14T03:39:40.094615-04:00 kali systemd[1]: Starting dbus.service - D-Bus System Message Bus...
2026-04-14T03:39:40.094621-04:00 kali systemd[1]: Starting dpkg-db-backup.service - Daily dpkg database backup service...
2026-04-14T03:39:40.094703-04:00 kali systemd[1]: Starting e2scrub_reap.service - Remove Stale Online ext4 Metadata Check Snapshots...
2026-04-14T03:39:40.094715-04:00 kali systemd[1]: getty-static.service - getty on tty2-tty6 if dbus and logind are not available was skipped because of an unmet condition check (ConditionPathExists=!/usr/bin/dbus-daemon).
2026-04-14T03:39:40.094722-04:00 kali systemd[1]: grub-install-devices.service - Set GRUB install devices if unset was skipped because of an unmet condition check (ConditionFileIsExecutable=/usr/local/sbin/set-grub-install-devices).
2026-04-14T03:39:40.094730-04:00 kali systemd[1]: Starting phpsessionclean.service - Clean php session files...
2026-04-14T03:39:40.094737-04:00 kali systemd[1]: Starting polkit.service - Authorization Manager...
2026-04-14T03:39:40.094782-04:00 kali systemd[1]: regenerate-ssh-host-keys.service - Regenerate SSH host keys was skipped because of an unmet condition check (ConditionPathExistsGlob=!/etc/ssh/ssh_host_*_key).
2026-04-14T03:39:40.094789-04:00 kali systemd[1]: Starting rsyslog.service - System Logging Service...
2026-04-14T03:39:40.094796-04:00 kali systemd[1]: smartmontools.service - Self Monitoring and Reporting Technology (SMART) Daemon was skipped because of an unmet condition check (ConditionVirtualization=no).
2026-04-14T03:39:40.094802-04:00 kali systemd[1]: Starting systemd-logind.service - User Login Management...
2026-04-14T03:39:40.094809-04:00 kali systemd[1]: exim4-base.service - exim4-base housekeeping was skipped because of an unmet condition check (ConditionACPower=true).
2026-04-14T03:39:40.094816-04:00 kali systemd[1]: logrotate.service - Rotate log files was skipped because of an unmet condition check (ConditionACPower=true).
2026-04-14T03:39:40.094859-04:00 kali mtp-probe: checking bus 2, device 2: "/sys/devices/pci0000:00/0000:00:11.0/0000:02:00.0/usb2/2-1"
2026-04-14T03:39:40.094868-04:00 kali mtp-probe: bus: 2, device: 2 was not an MTP device
2026-04-14T03:39:40.094879-04:00 kali systemd[1]: Mounted run-rpc_pipefs.mount - RPC Pipe File System.
2026-04-14T03:39:40.094885-04:00 kali mtp-probe: checking bus 2, device 4: "/sys/devices/pci0000:00/0000:00:11.0/0000:02:00.0/usb2/2-2/2-2.1"
2026-04-14T03:39:40.094892-04:00 kali mtp-probe: bus: 2, device: 4 was not an MTP device
2026-04-14T03:39:40.094899-04:00 kali systemd[1]: Reached target rpc_pipefs.target.
2026-04-14T03:39:40.094943-04:00 kali systemd[1]: rpc-gssd.service - RPC security service for NFS client and server was skipped because of an unmet condition check (ConditionPathExists=/etc/krb5.keytab).
2026-04-14T03:39:40.094951-04:00 kali systemd[1]: Reached target nfs-client.target - NFS client services.
2026-04-14T03:39:40.094957-04:00 kali systemd[1]: Reached target remote-fs-pre.target - Preparation for Remote File Systems.
2026-04-14T03:39:40.094963-04:00 kali systemd[1]: Reached target remote-fs.target - Remote File Systems.
2026-04-14T03:39:40.094969-04:00 kali systemd[1]: Starting atd.service - Deferred execution scheduler...
2026-04-14T03:39:40.094975-04:00 kali systemd[1]: Started cron.service - Regular background program processing daemon.
2026-04-14T03:39:40.095014-04:00 kali systemd[1]: systemd-pcrphase.service - TPM PCR Barrier (User) was skipped because of an unmet condition check (ConditionSecurity=measured-uki).
2026-04-14T03:39:40.095022-04:00 kali systemd[1]: Started atd.service - Deferred execution scheduler.
2026-04-14T03:39:40.095028-04:00 kali cron[562]: (CRON) INFO (pidfile fd = 3)
2026-04-14T03:39:40.095034-04:00 kali cron[562]: (CRON) INFO (Running @reboot jobs)
2026-04-14T03:39:40.095040-04:00 kali polkitd[522]: Started polkitd version 124
2026-04-14T03:39:40.095085-04:00 kali systemd[1]: Started systemd-logind.service - User Login Management.
2026-04-14T03:39:40.095093-04:00 kali systemd[1]: Started dbus.service - D-Bus System Message Bus.
2026-04-14T03:39:40.095101-04:00 kali dbus-daemon[518]: [system] Successfully activated service 'org.freedesktop.systemd1'
2026-04-14T03:39:39.969048-04:00 kali rsyslogd: imuxsock: Acquired UNIX socket '/run/systemd/journal/syslog' (fd 3) from systemd.  [v8.2510.0]
2026-04-14T03:39:39.969490-04:00 kali rsyslogd: [origin software="rsyslogd" swVersion="8.2510.0" x-pid="523" x-info="https://www.rsyslog.com"] start
2026-04-14T03:39:40.120222-04:00 kali systemd[1]: Started rsyslog.service - System Logging Service.
2026-04-14T03:39:39.982142-04:00 kali kernel: Linux version 6.6.9-amd64 (devel@kali.org) (gcc-13 (Debian 13.2.0-9) 13.2.0, GNU ld (GNU Binutils for Debian) 2.41.50.20231227) #1 SMP PREEMPT_DYNAMIC Kali 6.6.9-1kali1 (2024-01-08)
2026-04-14T03:39:40.121463-04:00 kali kernel: Command line: BOOT_IMAGE=/boot/vmlinuz-6.6.9-amd64 root=UUID=62d31794-7e10-4503-b064-1f61831bc953 ro quiet splash
2026-04-14T03:39:40.121468-04:00 kali kernel: [Firmware Bug]: TSC doesn't count with P0 frequency!
2026-04-14T03:39:40.121469-04:00 kali kernel: BIOS-provided physical RAM map:
2026-04-14T03:39:40.121470-04:00 kali kernel: BIOS-e820: [mem 0x0000000000000000-0x000000000009f3ff] usable
2026-04-14T03:39:40.121472-04:00 kali kernel: BIOS-e820: [mem 0x000000000009f400-0x000000000009ffff] reserved
2026-04-14T03:39:40.121473-04:00 kali kernel: BIOS-e820: [mem 0x00000000000dc000-0x00000000000fffff] reserved
2026-04-14T03:39:40.121478-04:00 kali kernel: BIOS-e820: [mem 0x0000000000100000-0x000000007fedffff] usable
2026-04-14T03:39:40.121480-04:00 kali kernel: BIOS-e820: [mem 0x000000007fee0000-0x000000007fefefff] ACPI data
2026-04-14T03:39:40.121482-04:00 kali kernel: BIOS-e820: [mem 0x000000007feff000-0x000000007fefffff] ACPI NVS
2026-04-14T03:39:40.121483-04:00 kali kernel: BIOS-e820: [mem 0x000000007ff00000-0x000000007fffffff] usable
2026-04-14T03:39:40.121484-04:00 kali kernel: BIOS-e820: [mem 0x00000000f0000000-0x00000000f7ffffff] reserved
2026-04-14T03:39:40.121485-04:00 kali kernel: BIOS-e820: [mem 0x00000000fec00000-0x00000000fec0ffff] reserved
2026-04-14T03:39:40.121486-04:00 kali kernel: BIOS-e820: [mem 0x00000000fee00000-0x00000000fee00fff] reserved
2026-04-14T03:39:40.121491-04:00 kali kernel: BIOS-e820: [mem 0x00000000fffe0000-0x00000000ffffffff] reserved
2026-04-14T03:39:40.121493-04:00 kali kernel: NX (Execute Disable) protection: active
2026-04-14T03:39:40.121494-04:00 kali kernel: APIC: Static calls initialized
2026-04-14T03:39:40.121495-04:00 kali kernel: SMBIOS 2.4 present.
2026-04-14T03:39:40.121496-04:00 kali kernel: DMI: VMware, Inc. VMware Virtual Platform/440BX Desktop Reference Platform, BIOS 6.00 11/12/2020
2026-04-14T03:39:40.121498-04:00 kali kernel: vmware: hypercall mode: 0x00
2026-04-14T03:39:40.121502-04:00 kali kernel: Hypervisor detected: VMware
2026-04-14T03:39:40.121503-04:00 kali kernel: vmware: TSC freq read from hypervisor : 2894.572 MHz
2026-04-14T03:39:40.121504-04:00 kali kernel: vmware: Host bus clock speed read from hypervisor : 66000000 Hz
2026-04-14T03:39:40.121505-04:00 kali kernel: vmware: using clock offset of 34850246299 ns
2026-04-14T03:39:40.121505-04:00 kali kernel: tsc: Detected 2894.572 MHz processor
2026-04-14T03:39:40.121506-04:00 kali kernel: e820: update [mem 0x00000000-0x00000fff] usable ==> reserved
2026-04-14T03:39:40.121511-04:00 kali kernel: e820: remove [mem 0x000a0000-0x000fffff] usable
2026-04-14T03:39:40.121512-04:00 kali kernel: last_pfn = 0x80000 max_arch_pfn = 0x400000000
2026-04-14T03:39:40.121513-04:00 kali kernel: MTRR map: 7 entries (5 fixed + 2 variable; max 21), built from 8 variable MTRRs
2026-04-14T03:39:40.121514-04:00 kali kernel: x86/PAT: Configuration [0-7]: WB  WC  UC- UC  WB  WP  UC- WT  
2026-04-14T03:39:40.121515-04:00 kali kernel: found SMP MP-table at [mem 0x000f6a70-0x000f6a7f]
2026-04-14T03:39:40.121516-04:00 kali kernel: RAMDISK: [mem 0x2e385000-0x331b9fff]
2026-04-14T03:39:40.121517-04:00 kali kernel: ACPI: Early table checksum verification disabled
2026-04-14T03:39:40.121522-04:00 kali kernel: ACPI: RSDP 0x00000000000F6A00 000024 (v02 PTLTD )
2026-04-14T03:39:40.121523-04:00 kali kernel: ACPI: XSDT 0x000000007FEEDA02 00005C (v01 INTEL  440BX    06040000 VMW  01324272)
2026-04-14T03:39:40.121524-04:00 kali kernel: ACPI: FACP 0x000000007FEFEE73 0000F4 (v04 INTEL  440BX    06040000 PTL  000F4240)
2026-04-14T03:39:40.121525-04:00 kali kernel: ACPI: DSDT 0x000000007FEEE009 010E6A (v01 PTLTD  Custom   06040000 MSFT 03000001)
2026-04-14T03:39:40.121526-04:00 kali kernel: ACPI: FACS 0x000000007FEFFFC0 000040
2026-04-14T03:39:40.121527-04:00 kali kernel: ACPI: FACS 0x000000007FEFFFC0 000040
2026-04-14T03:39:40.121531-04:00 kali kernel: ACPI: BOOT 0x000000007FEEDFBC 000028 (v01 PTLTD  $SBFTBL$ 06040000  LTP 00000001)
2026-04-14T03:39:40.121532-04:00 kali kernel: ACPI: APIC 0x000000007FEEDDBA 000202 (v01 PTLTD  ? APIC   06040000  LTP 00000000)
2026-04-14T03:39:40.121533-04:00 kali kernel: ACPI: MCFG 0x000000007FEEDD7E 00003C (v01 PTLTD  $PCITBL$ 06040000  LTP 00000001)
2026-04-14T03:39:40.121534-04:00 kali kernel: ACPI: SRAT 0x000000007FEEDAFE 000280 (v02 VMWARE MEMPLUG  06040000 VMW  00000001)
2026-04-14T03:39:40.121535-04:00 kali kernel: ACPI: HPET 0x000000007FEEDAC6 000038 (v01 VMWARE VMW HPET 06040000 VMW  00000001)
2026-04-14T03:39:40.121536-04:00 kali kernel: ACPI: WAET 0x000000007FEEDA9E 000028 (v01 VMWARE VMW WAET 06040000 VMW  00000001)
2026-04-14T03:39:40.121537-04:00 kali kernel: ACPI: Reserving FACP table memory at [mem 0x7fefee73-0x7fefef66]
2026-04-14T03:39:40.121542-04:00 kali kernel: ACPI: Reserving DSDT table memory at [mem 0x7feee009-0x7fefee72]
2026-04-14T03:39:40.121543-04:00 kali kernel: ACPI: Reserving FACS table memory at [mem 0x7fefffc0-0x7fefffff]
2026-04-14T03:39:40.121544-04:00 kali kernel: ACPI: Reserving FACS table memory at [mem 0x7fefffc0-0x7fefffff]
2026-04-14T03:39:40.121545-04:00 kali kernel: ACPI: Reserving BOOT table memory at [mem 0x7feedfbc-0x7feedfe3]
2026-04-14T03:39:40.121546-04:00 kali kernel: ACPI: Reserving APIC table memory at [mem 0x7feeddba-0x7feedfbb]
2026-04-14T03:39:40.121547-04:00 kali kernel: ACPI: Reserving MCFG table memory at [mem 0x7feedd7e-0x7feeddb9]
2026-04-14T03:39:40.121553-04:00 kali kernel: ACPI: Reserving SRAT table memory at [mem 0x7feedafe-0x7feedd7d]
2026-04-14T03:39:40.121554-04:00 kali kernel: ACPI: Reserving HPET table memory at [mem 0x7feedac6-0x7feedafd]
2026-04-14T03:39:40.121555-04:00 kali kernel: ACPI: Reserving WAET table memory at [mem 0x7feeda9e-0x7feedac5]
2026-04-14T03:39:40.121556-04:00 kali kernel: system APIC only can use physical flat
2026-04-14T03:39:40.121557-04:00 kali kernel: APIC: Switched APIC routing to: physical flat
2026-04-14T03:39:40.121558-04:00 kali kernel: SRAT: PXM 0 -> APIC 0x00 -> Node 0
2026-04-14T03:39:40.121563-04:00 kali kernel: SRAT: PXM 0 -> APIC 0x01 -> Node 0
2026-04-14T03:39:40.121564-04:00 kali kernel: SRAT: PXM 0 -> APIC 0x02 -> Node 0
2026-04-14T03:39:40.121565-04:00 kali kernel: SRAT: PXM 0 -> APIC 0x03 -> Node 0
2026-04-14T03:39:40.121566-04:00 kali kernel: SRAT: PXM 0 -> APIC 0x04 -> Node 0
2026-04-14T03:39:40.121567-04:00 kali kernel: SRAT: PXM 0 -> APIC 0x05 -> Node 0
2026-04-14T03:39:40.121567-04:00 kali kernel: SRAT: PXM 0 -> APIC 0x06 -> Node 0
2026-04-14T03:39:40.121568-04:00 kali kernel: SRAT: PXM 0 -> APIC 0x07 -> Node 0
2026-04-14T03:39:40.121573-04:00 kali kernel: SRAT: PXM 0 -> APIC 0x08 -> Node 0
2026-04-14T03:39:40.121575-04:00 kali kernel: SRAT: PXM 0 -> APIC 0x09 -> Node 0
2026-04-14T03:39:40.121576-04:00 kali kernel: SRAT: PXM 0 -> APIC 0x0a -> Node 0
2026-04-14T03:39:40.121577-04:00 kali kernel: SRAT: PXM 0 -> APIC 0x0b -> Node 0
2026-04-14T03:39:40.121578-04:00 kali kernel: SRAT: PXM 0 -> APIC 0x0c -> Node 0
2026-04-14T03:39:40.121578-04:00 kali kernel: SRAT: PXM 0 -> APIC 0x0d -> Node 0
2026-04-14T03:39:40.121583-04:00 kali kernel: SRAT: PXM 0 -> APIC 0x0e -> Node 0
2026-04-14T03:39:40.121585-04:00 kali kernel: SRAT: PXM 0 -> APIC 0x0f -> Node 0
2026-04-14T03:39:40.121586-04:00 kali kernel: SRAT: PXM 0 -> APIC 0x10 -> Node 0
2026-04-14T03:39:40.121586-04:00 kali kernel: SRAT: PXM 0 -> APIC 0x11 -> Node 0
2026-04-14T03:39:40.121587-04:00 kali kernel: SRAT: PXM 0 -> APIC 0x12 -> Node 0
2026-04-14T03:39:40.121588-04:00 kali kernel: SRAT: PXM 0 -> APIC 0x13 -> Node 0
2026-04-14T03:39:40.121589-04:00 kali kernel: SRAT: PXM 0 -> APIC 0x14 -> Node 0
2026-04-14T03:39:40.121593-04:00 kali kernel: SRAT: PXM 0 -> APIC 0x15 -> Node 0
2026-04-14T03:39:40.121595-04:00 kali kernel: SRAT: PXM 0 -> APIC 0x16 -> Node 0
2026-04-14T03:39:40.121596-04:00 kali kernel: SRAT: PXM 0 -> APIC 0x17 -> Node 0
2026-04-14T03:39:40.121597-04:00 kali kernel: SRAT: PXM 0 -> APIC 0x18 -> Node 0
2026-04-14T03:39:40.121598-04:00 kali kernel: SRAT: PXM 0 -> APIC 0x19 -> Node 0
2026-04-14T03:39:40.121599-04:00 kali kernel: SRAT: PXM 0 -> APIC 0x1a -> Node 0
2026-04-14T03:39:40.121604-04:00 kali kernel: SRAT: PXM 0 -> APIC 0x1b -> Node 0
2026-04-14T03:39:40.121606-04:00 kali kernel: SRAT: PXM 0 -> APIC 0x1c -> Node 0
2026-04-14T03:39:40.121607-04:00 kali kernel: SRAT: PXM 0 -> APIC 0x1d -> Node 0
2026-04-14T03:39:40.121608-04:00 kali kernel: SRAT: PXM 0 -> APIC 0x1e -> Node 0
2026-04-14T03:39:40.121609-04:00 kali kernel: SRAT: PXM 0 -> APIC 0x1f -> Node 0
2026-04-14T03:39:40.121610-04:00 kali kernel: ACPI: SRAT: Node 0 PXM 0 [mem 0x00000000-0x0009ffff]
2026-04-14T03:39:40.121620-04:00 kali kernel: ACPI: SRAT: Node 0 PXM 0 [mem 0x00100000-0x7fffffff]
2026-04-14T03:39:40.121622-04:00 kali kernel: NUMA: Node 0 [mem 0x00000000-0x0009ffff] + [mem 0x00100000-0x7fffffff] -> [mem 0x00000000-0x7fffffff]
2026-04-14T03:39:40.121623-04:00 kali kernel: NODE_DATA(0) allocated [mem 0x7ffd5000-0x7fffffff]
2026-04-14T03:39:40.121623-04:00 kali kernel: Zone ranges:
2026-04-14T03:39:40.121624-04:00 kali kernel:   DMA      [mem 0x0000000000001000-0x0000000000ffffff]
2026-04-14T03:39:40.121625-04:00 kali kernel:   DMA32    [mem 0x0000000001000000-0x000000007fffffff]
2026-04-14T03:39:40.121626-04:00 kali kernel:   Normal   empty
2026-04-14T03:39:40.121631-04:00 kali kernel:   Device   empty
2026-04-14T03:39:40.121633-04:00 kali kernel: Movable zone start for each node
2026-04-14T03:39:40.121634-04:00 kali kernel: Early memory node ranges
2026-04-14T03:39:40.121635-04:00 kali kernel:   node   0: [mem 0x0000000000001000-0x000000000009efff]
2026-04-14T03:39:40.121636-04:00 kali kernel:   node   0: [mem 0x0000000000100000-0x000000007fedffff]
2026-04-14T03:39:40.121636-04:00 kali kernel:   node   0: [mem 0x000000007ff00000-0x000000007fffffff]
2026-04-14T03:39:40.121783-04:00 kali kernel: Initmem setup node 0 [mem 0x0000000000001000-0x000000007fffffff]
2026-04-14T03:39:40.121788-04:00 kali kernel: On node 0, zone DMA: 1 pages in unavailable ranges
2026-04-14T03:39:40.121790-04:00 kali kernel: On node 0, zone DMA: 97 pages in unavailable ranges
2026-04-14T03:39:40.121791-04:00 kali kernel: On node 0, zone DMA32: 32 pages in unavailable ranges
2026-04-14T03:39:40.121792-04:00 kali kernel: ACPI: PM-Timer IO Port: 0x1008
2026-04-14T03:39:40.121792-04:00 kali kernel: system APIC only can use physical flat
2026-04-14T03:39:40.121827-04:00 kali kernel: ACPI: LAPIC_NMI (acpi_id[0x00] high edge lint[0x1])
2026-04-14T03:39:40.121830-04:00 kali kernel: ACPI: LAPIC_NMI (acpi_id[0x01] high edge lint[0x1])
2026-04-14T03:39:40.121831-04:00 kali kernel: ACPI: LAPIC_NMI (acpi_id[0x02] high edge lint[0x1])
2026-04-14T03:39:40.121832-04:00 kali kernel: ACPI: LAPIC_NMI (acpi_id[0x03] high edge lint[0x1])
2026-04-14T03:39:40.121833-04:00 kali kernel: ACPI: LAPIC_NMI (acpi_id[0x04] high edge lint[0x1])
2026-04-14T03:39:40.121834-04:00 kali kernel: ACPI: LAPIC_NMI (acpi_id[0x05] high edge lint[0x1])
2026-04-14T03:39:40.121835-04:00 kali kernel: ACPI: LAPIC_NMI (acpi_id[0x06] high edge lint[0x1])
2026-04-14T03:39:40.122048-04:00 kali kernel: ACPI: LAPIC_NMI (acpi_id[0x07] high edge lint[0x1])
2026-04-14T03:39:40.122053-04:00 kali kernel: ACPI: LAPIC_NMI (acpi_id[0x08] high edge lint[0x1])
2026-04-14T03:39:40.122054-04:00 kali kernel: ACPI: LAPIC_NMI (acpi_id[0x09] high edge lint[0x1])
2026-04-14T03:39:40.122055-04:00 kali kernel: ACPI: LAPIC_NMI (acpi_id[0x0a] high edge lint[0x1])
2026-04-14T03:39:40.122056-04:00 kali kernel: ACPI: LAPIC_NMI (acpi_id[0x0b] high edge lint[0x1])
2026-04-14T03:39:40.122057-04:00 kali kernel: ACPI: LAPIC_NMI (acpi_id[0x0c] high edge lint[0x1])
2026-04-14T03:39:40.122088-04:00 kali kernel: ACPI: LAPIC_NMI (acpi_id[0x0d] high edge lint[0x1])
2026-04-14T03:39:40.122090-04:00 kali kernel: ACPI: LAPIC_NMI (acpi_id[0x0e] high edge lint[0x1])
2026-04-14T03:39:40.122091-04:00 kali kernel: ACPI: LAPIC_NMI (acpi_id[0x0f] high edge lint[0x1])
2026-04-14T03:39:40.122092-04:00 kali kernel: ACPI: LAPIC_NMI (acpi_id[0x10] high edge lint[0x1])
2026-04-14T03:39:40.122093-04:00 kali kernel: ACPI: LAPIC_NMI (acpi_id[0x11] high edge lint[0x1])
2026-04-14T03:39:40.122094-04:00 kali kernel: ACPI: LAPIC_NMI (acpi_id[0x12] high edge lint[0x1])
2026-04-14T03:39:40.122095-04:00 kali kernel: ACPI: LAPIC_NMI (acpi_id[0x13] high edge lint[0x1])
2026-04-14T03:39:40.122125-04:00 kali kernel: ACPI: LAPIC_NMI (acpi_id[0x14] high edge lint[0x1])
2026-04-14T03:39:40.122127-04:00 kali kernel: ACPI: LAPIC_NMI (acpi_id[0x15] high edge lint[0x1])
2026-04-14T03:39:40.122128-04:00 kali kernel: ACPI: LAPIC_NMI (acpi_id[0x16] high edge lint[0x1])
2026-04-14T03:39:40.122129-04:00 kali kernel: ACPI: LAPIC_NMI (acpi_id[0x17] high edge lint[0x1])
2026-04-14T03:39:40.122129-04:00 kali kernel: ACPI: LAPIC_NMI (acpi_id[0x18] high edge lint[0x1])
2026-04-14T03:39:40.122130-04:00 kali kernel: ACPI: LAPIC_NMI (acpi_id[0x19] high edge lint[0x1])
2026-04-14T03:39:40.122159-04:00 kali kernel: ACPI: LAPIC_NMI (acpi_id[0x1a] high edge lint[0x1])
2026-04-14T03:39:40.122161-04:00 kali kernel: ACPI: LAPIC_NMI (acpi_id[0x1b] high edge lint[0x1])
2026-04-14T03:39:40.122163-04:00 kali kernel: ACPI: LAPIC_NMI (acpi_id[0x1c] high edge lint[0x1])
2026-04-14T03:39:40.122164-04:00 kali kernel: ACPI: LAPIC_NMI (acpi_id[0x1d] high edge lint[0x1])
2026-04-14T03:39:40.122166-04:00 kali kernel: ACPI: LAPIC_NMI (acpi_id[0x1e] high edge lint[0x1])
2026-04-14T03:39:40.122166-04:00 kali kernel: ACPI: LAPIC_NMI (acpi_id[0x1f] high edge lint[0x1])
2026-04-14T03:39:40.122222-04:00 kali kernel: IOAPIC[0]: apic_id 32, version 17, address 0xfec00000, GSI 0-23
2026-04-14T03:39:40.122224-04:00 kali kernel: ACPI: INT_SRC_OVR (bus 0 bus_irq 0 global_irq 2 high edge)
2026-04-14T03:39:40.122225-04:00 kali kernel: ACPI: Using ACPI (MADT) for SMP configuration information
2026-04-14T03:39:40.122226-04:00 kali kernel: ACPI: HPET id: 0x8086af01 base: 0xfed00000
2026-04-14T03:39:40.122227-04:00 kali kernel: smpboot: Allowing 32 CPUs, 31 hotplug CPUs
2026-04-14T03:39:40.122228-04:00 kali kernel: PM: hibernation: Registered nosave memory: [mem 0x00000000-0x00000fff]
2026-04-14T03:39:40.122229-04:00 kali kernel: PM: hibernation: Registered nosave memory: [mem 0x0009f000-0x0009ffff]
2026-04-14T03:39:40.122281-04:00 kali kernel: PM: hibernation: Registered nosave memory: [mem 0x000a0000-0x000dbfff]
2026-04-14T03:39:40.122284-04:00 kali kernel: PM: hibernation: Registered nosave memory: [mem 0x000dc000-0x000fffff]
2026-04-14T03:39:40.122285-04:00 kali kernel: PM: hibernation: Registered nosave memory: [mem 0x7fee0000-0x7fefefff]
2026-04-14T03:39:40.122286-04:00 kali kernel: PM: hibernation: Registered nosave memory: [mem 0x7feff000-0x7fefffff]
2026-04-14T03:39:40.122286-04:00 kali kernel: [mem 0x80000000-0xefffffff] available for PCI devices
2026-04-14T03:39:40.122287-04:00 kali kernel: Booting paravirtualized kernel on VMware hypervisor
2026-04-14T03:39:40.122319-04:00 kali kernel: clocksource: refined-jiffies: mask: 0xffffffff max_cycles: 0xffffffff, max_idle_ns: 7645519600211568 ns
2026-04-14T03:39:40.122322-04:00 kali kernel: setup_percpu: NR_CPUS:8192 nr_cpumask_bits:32 nr_cpu_ids:32 nr_node_ids:1
2026-04-14T03:39:40.122323-04:00 kali kernel: percpu: Embedded 63 pages/cpu s221184 r8192 d28672 u262144
2026-04-14T03:39:40.122324-04:00 kali kernel: pcpu-alloc: s221184 r8192 d28672 u262144 alloc=1*2097152
2026-04-14T03:39:40.122325-04:00 kali kernel: pcpu-alloc: [0] 00 01 02 03 04 05 06 07 [0] 08 09 10 11 12 13 14 15 
2026-04-14T03:39:40.122325-04:00 kali kernel: pcpu-alloc: [0] 16 17 18 19 20 21 22 23 [0] 24 25 26 27 28 29 30 31 
2026-04-14T03:39:40.122355-04:00 kali kernel: Kernel command line: BOOT_IMAGE=/boot/vmlinuz-6.6.9-amd64 root=UUID=62d31794-7e10-4503-b064-1f61831bc953 ro quiet splash
2026-04-14T03:39:40.122357-04:00 kali kernel: Unknown kernel command line parameters "splash BOOT_IMAGE=/boot/vmlinuz-6.6.9-amd64", will be passed to user space.
2026-04-14T03:39:40.122359-04:00 kali kernel: printk: log_buf_len individual max cpu contribution: 4096 bytes
2026-04-14T03:39:40.122360-04:00 kali kernel: printk: log_buf_len total cpu_extra contributions: 126976 bytes
2026-04-14T03:39:40.122360-04:00 kali kernel: printk: log_buf_len min size: 131072 bytes
2026-04-14T03:39:40.122362-04:00 kali kernel: printk: log_buf_len: 262144 bytes
2026-04-14T03:39:40.122429-04:00 kali kernel: printk: early log buf free: 120360(91%)
2026-04-14T03:39:40.122431-04:00 kali kernel: Dentry cache hash table entries: 262144 (order: 9, 2097152 bytes, linear)
2026-04-14T03:39:40.122432-04:00 kali kernel: Inode-cache hash table entries: 131072 (order: 8, 1048576 bytes, linear)
2026-04-14T03:39:40.122433-04:00 kali kernel: Fallback order for Node 0: 0 
2026-04-14T03:39:40.122435-04:00 kali kernel: Built 1 zonelists, mobility grouping on.  Total pages: 515808
2026-04-14T03:39:40.122435-04:00 kali kernel: Policy zone: DMA32
2026-04-14T03:39:40.122436-04:00 kali kernel: mem auto-init: stack:all(zero), heap alloc:on, heap free:off
2026-04-14T03:39:40.122501-04:00 kali kernel: Memory: 260860K/2096632K available (16384K kernel code, 2363K rwdata, 10544K rodata, 3960K init, 3628K bss, 169332K reserved, 0K cma-reserved)
2026-04-14T03:39:40.122504-04:00 kali kernel: SLUB: HWalign=64, Order=0-3, MinObjects=0, CPUs=32, Nodes=1
2026-04-14T03:39:40.122505-04:00 kali kernel: ftrace: allocating 43067 entries in 169 pages
2026-04-14T03:39:40.122506-04:00 kali kernel: ftrace: allocated 169 pages with 4 groups
2026-04-14T03:39:40.122506-04:00 kali kernel: Dynamic Preempt: voluntary
2026-04-14T03:39:40.122507-04:00 kali kernel: rcu: Preemptible hierarchical RCU implementation.
2026-04-14T03:39:40.122567-04:00 kali kernel: rcu: 	RCU restricting CPUs from NR_CPUS=8192 to nr_cpu_ids=32.
2026-04-14T03:39:40.122570-04:00 kali kernel: 	Trampoline variant of Tasks RCU enabled.
2026-04-14T03:39:40.122571-04:00 kali kernel: 	Rude variant of Tasks RCU enabled.
2026-04-14T03:39:40.122572-04:00 kali kernel: 	Tracing variant of Tasks RCU enabled.
2026-04-14T03:39:40.122573-04:00 kali kernel: rcu: RCU calculated value of scheduler-enlistment delay is 25 jiffies.
2026-04-14T03:39:40.122574-04:00 kali kernel: rcu: Adjusting geometry for rcu_fanout_leaf=16, nr_cpu_ids=32
2026-04-14T03:39:40.122613-04:00 kali kernel: NR_IRQS: 524544, nr_irqs: 680, preallocated irqs: 16
2026-04-14T03:39:40.122616-04:00 kali kernel: rcu: srcu_init: Setting srcu_struct sizes based on contention.
2026-04-14T03:39:40.122617-04:00 kali kernel: Console: colour VGA+ 80x25
2026-04-14T03:39:40.122618-04:00 kali kernel: printk: console [tty0] enabled
2026-04-14T03:39:40.122619-04:00 kali kernel: ACPI: Core revision 20230628
2026-04-14T03:39:40.122619-04:00 kali kernel: clocksource: hpet: mask: 0xffffffff max_cycles: 0xffffffff, max_idle_ns: 133484882848 ns
2026-04-14T03:39:40.122621-04:00 kali kernel: APIC: Switch to symmetric I/O mode setup
2026-04-14T03:39:40.122651-04:00 kali kernel: ..TIMER: vector=0x30 apic1=0 pin1=2 apic2=-1 pin2=-1
2026-04-14T03:39:40.122654-04:00 kali kernel: clocksource: tsc-early: mask: 0xffffffffffffffff max_cycles: 0x29b93b4bb21, max_idle_ns: 440795288346 ns
2026-04-14T03:39:40.122655-04:00 kali kernel: Calibrating delay loop (skipped) preset value.. 5789.14 BogoMIPS (lpj=11578288)
2026-04-14T03:39:40.122656-04:00 kali kernel: LVT offset 2 assigned for vector 0xf4
2026-04-14T03:39:40.122657-04:00 kali kernel: [Firmware Bug]: cpu 0, try to use APIC520 (LVT offset 2) for vector 0xf4, but the register is already in use for vector 0x0 on this cpu
2026-04-14T03:39:40.122658-04:00 kali kernel: Last level iTLB entries: 4KB 512, 2MB 1024, 4MB 512
2026-04-14T03:39:40.122685-04:00 kali kernel: Last level dTLB entries: 4KB 1024, 2MB 1024, 4MB 512, 1GB 0
2026-04-14T03:39:40.140633-04:00 kali kernel: Spectre V1 : Mitigation: usercopy/swapgs barriers and __user pointer sanitization
2026-04-14T03:39:40.140655-04:00 kali kernel: Spectre V2 : Mitigation: Retpolines
2026-04-14T03:39:40.140657-04:00 kali kernel: Spectre V2 : Spectre v2 / SpectreRSB mitigation: Filling RSB on context switch
2026-04-14T03:39:40.140658-04:00 kali kernel: Spectre V2 : Spectre v2 / SpectreRSB : Filling RSB on VMEXIT
2026-04-14T03:39:40.140660-04:00 kali kernel: RETBleed: Mitigation: untrained return thunk
2026-04-14T03:39:40.140856-04:00 kali kernel: Speculative Store Bypass: Mitigation: Speculative Store Bypass disabled via prctl
2026-04-14T03:39:40.140859-04:00 kali kernel: x86/fpu: Supporting XSAVE feature 0x001: 'x87 floating point registers'
2026-04-14T03:39:40.140860-04:00 kali kernel: x86/fpu: Supporting XSAVE feature 0x002: 'SSE registers'
2026-04-14T03:39:40.140861-04:00 kali kernel: x86/fpu: Supporting XSAVE feature 0x004: 'AVX registers'
2026-04-14T03:39:40.140862-04:00 kali kernel: x86/fpu: xstate_offset[2]:  576, xstate_sizes[2]:  256
2026-04-14T03:39:40.140864-04:00 kali kernel: x86/fpu: Enabled xstate features 0x7, context size is 832 bytes, using 'standard' format.
2026-04-14T03:39:40.140899-04:00 kali kernel: pid_max: default: 32768 minimum: 301
2026-04-14T03:39:40.140901-04:00 kali kernel: LSM: initializing lsm=lockdown,capability,landlock,yama,apparmor,tomoyo,bpf,integrity
2026-04-14T03:39:40.140902-04:00 kali kernel: landlock: Up and running.
2026-04-14T03:39:40.140903-04:00 kali kernel: Yama: disabled by default; enable with sysctl kernel.yama.*
2026-04-14T03:39:40.140904-04:00 kali kernel: AppArmor: AppArmor initialized
2026-04-14T03:39:40.140905-04:00 kali kernel: TOMOYO Linux initialized
2026-04-14T03:39:40.140906-04:00 kali kernel: LSM support for eBPF active
2026-04-14T03:39:40.140937-04:00 kali kernel: Mount-cache hash table entries: 4096 (order: 3, 32768 bytes, linear)
2026-04-14T03:39:40.140940-04:00 kali kernel: Mountpoint-cache hash table entries: 4096 (order: 3, 32768 bytes, linear)
2026-04-14T03:39:40.140941-04:00 kali kernel: smpboot: CPU0: AMD A9-9410 RADEON R5, 5 COMPUTE CORES 2C+3G (family: 0x15, model: 0x70, stepping: 0x0)
2026-04-14T03:39:40.140942-04:00 kali kernel: RCU Tasks: Setting shift to 5 and lim to 1 rcu_task_cb_adjust=1.
2026-04-14T03:39:40.141055-04:00 kali kernel: RCU Tasks Rude: Setting shift to 5 and lim to 1 rcu_task_cb_adjust=1.
2026-04-14T03:39:40.141057-04:00 kali kernel: RCU Tasks Trace: Setting shift to 5 and lim to 1 rcu_task_cb_adjust=1.
2026-04-14T03:39:40.141103-04:00 kali kernel: Performance Events: AMD PMU driver.
2026-04-14T03:39:40.141106-04:00 kali kernel: ... version:                0
2026-04-14T03:39:40.141107-04:00 kali kernel: ... bit width:              48
2026-04-14T03:39:40.141108-04:00 kali kernel: ... generic registers:      4
2026-04-14T03:39:40.141109-04:00 kali kernel: ... value mask:             0000ffffffffffff
2026-04-14T03:39:40.141110-04:00 kali kernel: ... max period:             00007fffffffffff
2026-04-14T03:39:40.141115-04:00 kali kernel: ... fixed-purpose events:   0
2026-04-14T03:39:40.141161-04:00 kali kernel: ... event mask:             000000000000000f
2026-04-14T03:39:40.141163-04:00 kali kernel: signal: max sigframe size: 1776
2026-04-14T03:39:40.141164-04:00 kali kernel: rcu: Hierarchical SRCU implementation.
2026-04-14T03:39:40.141165-04:00 kali kernel: rcu: 	Max phase no-delay instances is 1000.
2026-04-14T03:39:40.141166-04:00 kali kernel: NMI watchdog: Enabled. Permanently consumes one hw-PMU counter.
2026-04-14T03:39:40.141168-04:00 kali kernel: smp: Bringing up secondary CPUs ...
2026-04-14T03:39:40.141203-04:00 kali kernel: smp: Brought up 1 node, 1 CPU
2026-04-14T03:39:40.141205-04:00 kali kernel: smpboot: Max logical packages: 32
2026-04-14T03:39:40.141206-04:00 kali kernel: smpboot: Total of 1 processors activated (5789.14 BogoMIPS)
2026-04-14T03:39:40.141207-04:00 kali kernel: node 0 deferred pages initialised in 12ms
2026-04-14T03:39:40.141208-04:00 kali kernel: devtmpfs: initialized
2026-04-14T03:39:40.141209-04:00 kali kernel: x86/mm: Memory block size: 128MB
2026-04-14T03:39:40.141242-04:00 kali kernel: ACPI: PM: Registering ACPI NVS region [mem 0x7feff000-0x7fefffff] (4096 bytes)
2026-04-14T03:39:40.141245-04:00 kali kernel: clocksource: jiffies: mask: 0xffffffff max_cycles: 0xffffffff, max_idle_ns: 7645041785100000 ns
2026-04-14T03:39:40.141245-04:00 kali kernel: futex hash table entries: 8192 (order: 7, 524288 bytes, linear)
2026-04-14T03:39:40.141246-04:00 kali kernel: pinctrl core: initialized pinctrl subsystem
2026-04-14T03:39:40.141247-04:00 kali kernel: NET: Registered PF_NETLINK/PF_ROUTE protocol family
2026-04-14T03:39:40.141249-04:00 kali kernel: DMA: preallocated 256 KiB GFP_KERNEL pool for atomic allocations
2026-04-14T03:39:40.141249-04:00 kali kernel: DMA: preallocated 256 KiB GFP_KERNEL|GFP_DMA pool for atomic allocations
2026-04-14T03:39:40.141280-04:00 kali kernel: DMA: preallocated 256 KiB GFP_KERNEL|GFP_DMA32 pool for atomic allocations
2026-04-14T03:39:40.141282-04:00 kali kernel: audit: initializing netlink subsys (disabled)
2026-04-14T03:39:40.141283-04:00 kali kernel: audit: type=2000 audit(1776152336.140:1): state=initialized audit_enabled=0 res=1
2026-04-14T03:39:40.141284-04:00 kali kernel: thermal_sys: Registered thermal governor 'fair_share'
2026-04-14T03:39:40.141285-04:00 kali kernel: thermal_sys: Registered thermal governor 'bang_bang'
2026-04-14T03:39:40.141286-04:00 kali kernel: thermal_sys: Registered thermal governor 'step_wise'
2026-04-14T03:39:40.141320-04:00 kali kernel: thermal_sys: Registered thermal governor 'user_space'
2026-04-14T03:39:40.141322-04:00 kali kernel: thermal_sys: Registered thermal governor 'power_allocator'
2026-04-14T03:39:40.141323-04:00 kali kernel: cpuidle: using governor ladder
2026-04-14T03:39:40.141324-04:00 kali kernel: cpuidle: using governor menu
2026-04-14T03:39:40.141325-04:00 kali kernel: Simple Boot Flag at 0x36 set to 0x80
2026-04-14T03:39:40.141326-04:00 kali kernel: acpiphp: ACPI Hot Plug PCI Controller Driver version: 0.5
2026-04-14T03:39:40.141331-04:00 kali kernel: PCI: MMCONFIG for domain 0000 [bus 00-7f] at [mem 0xf0000000-0xf7ffffff] (base 0xf0000000)
2026-04-14T03:39:40.141360-04:00 kali kernel: PCI: MMCONFIG at [mem 0xf0000000-0xf7ffffff] reserved as E820 entry
2026-04-14T03:39:40.141362-04:00 kali kernel: PCI: Using configuration type 1 for base access
2026-04-14T03:39:40.141363-04:00 kali kernel: kprobes: kprobe jump-optimization is enabled. All kprobes are optimized if possible.
2026-04-14T03:39:40.141364-04:00 kali kernel: HugeTLB: registered 2.00 MiB page size, pre-allocated 0 pages
2026-04-14T03:39:40.141364-04:00 kali kernel: HugeTLB: 28 KiB vmemmap can be freed for a 2.00 MiB page
2026-04-14T03:39:40.141365-04:00 kali kernel: ACPI: Added _OSI(Module Device)
2026-04-14T03:39:40.141396-04:00 kali kernel: ACPI: Added _OSI(Processor Device)
2026-04-14T03:39:40.141399-04:00 kali kernel: ACPI: Added _OSI(3.0 _SCP Extensions)
2026-04-14T03:39:40.141399-04:00 kali kernel: ACPI: Added _OSI(Processor Aggregator Device)
2026-04-14T03:39:40.141400-04:00 kali kernel: ACPI: 1 ACPI AML tables successfully acquired and loaded
2026-04-14T03:39:40.141401-04:00 kali kernel: ACPI: [Firmware Bug]: BIOS _OSI(Linux) query ignored
2026-04-14T03:39:40.141402-04:00 kali kernel: ACPI: _OSC evaluation for CPUs failed, trying _PDC
2026-04-14T03:39:40.141436-04:00 kali kernel: ACPI: Interpreter enabled
2026-04-14T03:39:40.141438-04:00 kali kernel: ACPI: PM: (supports S0 S1 S4 S5)
2026-04-14T03:39:40.141439-04:00 kali kernel: ACPI: Using IOAPIC for interrupt routing
2026-04-14T03:39:40.141440-04:00 kali kernel: PCI: Using host bridge windows from ACPI; if necessary, use "pci=nocrs" and report a bug
2026-04-14T03:39:40.141441-04:00 kali kernel: PCI: Using E820 reservations for host bridge windows
2026-04-14T03:39:40.141442-04:00 kali kernel: ACPI: Enabled 4 GPEs in block 00 to 0F
2026-04-14T03:39:40.141443-04:00 kali kernel: ACPI: PCI Root Bridge [PCI0] (domain 0000 [bus 00-7f])
2026-04-14T03:39:40.141473-04:00 kali kernel: acpi PNP0A03:00: _OSC: OS supports [ExtendedConfig ASPM ClockPM Segments MSI HPX-Type3]
2026-04-14T03:39:40.141475-04:00 kali kernel: acpi PNP0A03:00: _OSC: platform does not support [AER LTR]
2026-04-14T03:39:40.141476-04:00 kali kernel: acpi PNP0A03:00: _OSC: OS now controls [PCIeHotplug SHPCHotplug PME PCIeCapability]
2026-04-14T03:39:40.141477-04:00 kali kernel: PCI host bridge to bus 0000:00
2026-04-14T03:39:40.141479-04:00 kali kernel: pci_bus 0000:00: root bus resource [mem 0x000a0000-0x000bffff window]
2026-04-14T03:39:40.141480-04:00 kali kernel: pci_bus 0000:00: root bus resource [mem 0x000cc000-0x000dbfff window]
2026-04-14T03:39:40.141509-04:00 kali kernel: pci_bus 0000:00: root bus resource [mem 0x80000000-0xfebfffff window]
2026-04-14T03:39:40.141511-04:00 kali kernel: pci_bus 0000:00: root bus resource [io  0x0000-0x0cf7 window]
2026-04-14T03:39:40.141513-04:00 kali kernel: pci_bus 0000:00: root bus resource [io  0x0d00-0xfeff window]
2026-04-14T03:39:40.141514-04:00 kali kernel: pci_bus 0000:00: root bus resource [bus 00-7f]
2026-04-14T03:39:40.141514-04:00 kali kernel: pci 0000:00:00.0: [8086:7190] type 00 class 0x060000
2026-04-14T03:39:40.141516-04:00 kali kernel: pci 0000:00:01.0: [8086:7191] type 01 class 0x060400
2026-04-14T03:39:40.141519-04:00 kali kernel: pci 0000:00:07.0: [8086:7110] type 00 class 0x060100
2026-04-14T03:39:40.141548-04:00 kali kernel: pci 0000:00:07.1: [8086:7111] type 00 class 0x01018a
2026-04-14T03:39:40.141550-04:00 kali kernel: pci 0000:00:07.1: reg 0x20: [io  0x1060-0x106f]
2026-04-14T03:39:40.141551-04:00 kali kernel: pci 0000:00:07.1: legacy IDE quirk: reg 0x10: [io  0x01f0-0x01f7]
2026-04-14T03:39:40.141552-04:00 kali kernel: pci 0000:00:07.1: legacy IDE quirk: reg 0x14: [io  0x03f6]
2026-04-14T03:39:40.141553-04:00 kali kernel: pci 0000:00:07.1: legacy IDE quirk: reg 0x18: [io  0x0170-0x0177]
2026-04-14T03:39:40.141554-04:00 kali kernel: pci 0000:00:07.1: legacy IDE quirk: reg 0x1c: [io  0x0376]
2026-04-14T03:39:40.141584-04:00 kali kernel: pci 0000:00:07.3: [8086:7113] type 00 class 0x068000
2026-04-14T03:39:40.141586-04:00 kali kernel: pci 0000:00:07.3: quirk: [io  0x1000-0x103f] claimed by PIIX4 ACPI
2026-04-14T03:39:40.141587-04:00 kali kernel: pci 0000:00:07.3: quirk: [io  0x1040-0x104f] claimed by PIIX4 SMB
2026-04-14T03:39:40.141588-04:00 kali kernel: pci 0000:00:07.7: [15ad:0740] type 00 class 0x088000
2026-04-14T03:39:40.141589-04:00 kali kernel: pci 0000:00:07.7: reg 0x10: [io  0x1080-0x10bf]
2026-04-14T03:39:40.141589-04:00 kali kernel: pci 0000:00:07.7: reg 0x14: [mem 0xfebfe000-0xfebfffff 64bit]
2026-04-14T03:39:40.141626-04:00 kali kernel: pci 0000:00:0f.0: [15ad:0405] type 00 class 0x030000
2026-04-14T03:39:40.141629-04:00 kali kernel: pci 0000:00:0f.0: reg 0x10: [io  0x1070-0x107f]
2026-04-14T03:39:40.141630-04:00 kali kernel: pci 0000:00:0f.0: reg 0x14: [mem 0xe8000000-0xefffffff pref]
2026-04-14T03:39:40.141631-04:00 kali kernel: pci 0000:00:0f.0: reg 0x18: [mem 0xfe000000-0xfe7fffff]
2026-04-14T03:39:40.141632-04:00 kali kernel: pci 0000:00:0f.0: reg 0x30: [mem 0x00000000-0x00007fff pref]
2026-04-14T03:39:40.141633-04:00 kali kernel: pci 0000:00:0f.0: Video device with shadowed ROM at [mem 0x000c0000-0x000dffff]
2026-04-14T03:39:40.141634-04:00 kali kernel: pci 0000:00:10.0: [1000:0030] type 00 class 0x010000
2026-04-14T03:39:40.141669-04:00 kali kernel: pci 0000:00:10.0: reg 0x10: [io  0x1400-0x14ff]
2026-04-14T03:39:40.141671-04:00 kali kernel: pci 0000:00:10.0: reg 0x14: [mem 0xfeba0000-0xfebbffff 64bit]
2026-04-14T03:39:40.141672-04:00 kali kernel: pci 0000:00:10.0: reg 0x1c: [mem 0xfebc0000-0xfebdffff 64bit]
2026-04-14T03:39:40.141673-04:00 kali kernel: pci 0000:00:10.0: reg 0x30: [mem 0x00000000-0x00003fff pref]
2026-04-14T03:39:40.141674-04:00 kali kernel: pci 0000:00:11.0: [15ad:0790] type 01 class 0x060401
2026-04-14T03:39:40.141675-04:00 kali kernel: pci 0000:00:15.0: [15ad:07a0] type 01 class 0x060400
2026-04-14T03:39:40.141709-04:00 kali kernel: pci 0000:00:15.0: PME# supported from D0 D3hot D3cold
2026-04-14T03:39:40.141711-04:00 kali kernel: pci 0000:00:15.1: [15ad:07a0] type 01 class 0x060400
2026-04-14T03:39:40.141712-04:00 kali kernel: pci 0000:00:15.1: PME# supported from D0 D3hot D3cold
2026-04-14T03:39:40.141713-04:00 kali kernel: pci 0000:00:15.2: [15ad:07a0] type 01 class 0x060400
2026-04-14T03:39:40.141714-04:00 kali kernel: pci 0000:00:15.2: PME# supported from D0 D3hot D3cold
2026-04-14T03:39:40.141715-04:00 kali kernel: pci 0000:00:15.3: [15ad:07a0] type 01 class 0x060400
2026-04-14T03:39:40.141719-04:00 kali kernel: pci 0000:00:15.3: PME# supported from D0 D3hot D3cold
2026-04-14T03:39:40.141758-04:00 kali kernel: pci 0000:00:15.4: [15ad:07a0] type 01 class 0x060400
2026-04-14T03:39:40.141761-04:00 kali kernel: pci 0000:00:15.4: PME# supported from D0 D3hot D3cold
2026-04-14T03:39:40.141762-04:00 kali kernel: pci 0000:00:15.5: [15ad:07a0] type 01 class 0x060400
2026-04-14T03:39:40.141763-04:00 kali kernel: pci 0000:00:15.5: PME# supported from D0 D3hot D3cold
2026-04-14T03:39:40.141764-04:00 kali kernel: pci 0000:00:15.6: [15ad:07a0] type 01 class 0x060400
2026-04-14T03:39:40.141765-04:00 kali kernel: pci 0000:00:15.6: PME# supported from D0 D3hot D3cold
2026-04-14T03:39:40.141799-04:00 kali kernel: pci 0000:00:15.7: [15ad:07a0] type 01 class 0x060400
2026-04-14T03:39:40.141904-04:00 kali kernel: pci 0000:00:15.7: PME# supported from D0 D3hot D3cold
2026-04-14T03:39:40.141907-04:00 kali kernel: pci 0000:00:16.0: [15ad:07a0] type 01 class 0x060400
2026-04-14T03:39:40.141908-04:00 kali kernel: pci 0000:00:16.0: PME# supported from D0 D3hot D3cold
2026-04-14T03:39:40.141909-04:00 kali kernel: pci 0000:00:16.1: [15ad:07a0] type 01 class 0x060400
2026-04-14T03:39:40.141910-04:00 kali kernel: pci 0000:00:16.1: PME# supported from D0 D3hot D3cold
2026-04-14T03:39:40.141961-04:00 kali kernel: pci 0000:00:16.2: [15ad:07a0] type 01 class 0x060400
2026-04-14T03:39:40.141964-04:00 kali kernel: pci 0000:00:16.2: PME# supported from D0 D3hot D3cold
2026-04-14T03:39:40.141965-04:00 kali kernel: pci 0000:00:16.3: [15ad:07a0] type 01 class 0x060400
2026-04-14T03:39:40.141965-04:00 kali kernel: pci 0000:00:16.3: PME# supported from D0 D3hot D3cold
2026-04-14T03:39:40.141966-04:00 kali kernel: pci 0000:00:16.4: [15ad:07a0] type 01 class 0x060400
2026-04-14T03:39:40.141967-04:00 kali kernel: pci 0000:00:16.4: PME# supported from D0 D3hot D3cold
2026-04-14T03:39:40.141968-04:00 kali kernel: pci 0000:00:16.5: [15ad:07a0] type 01 class 0x060400
2026-04-14T03:39:40.142002-04:00 kali kernel: pci 0000:00:16.5: PME# supported from D0 D3hot D3cold
2026-04-14T03:39:40.142004-04:00 kali kernel: pci 0000:00:16.6: [15ad:07a0] type 01 class 0x060400
2026-04-14T03:39:40.142005-04:00 kali kernel: pci 0000:00:16.6: PME# supported from D0 D3hot D3cold
2026-04-14T03:39:40.142005-04:00 kali kernel: pci 0000:00:16.7: [15ad:07a0] type 01 class 0x060400
2026-04-14T03:39:40.142006-04:00 kali kernel: pci 0000:00:16.7: PME# supported from D0 D3hot D3cold
2026-04-14T03:39:40.142007-04:00 kali kernel: pci 0000:00:17.0: [15ad:07a0] type 01 class 0x060400
2026-04-14T03:39:40.142039-04:00 kali kernel: pci 0000:00:17.0: PME# supported from D0 D3hot D3cold
2026-04-14T03:39:40.142042-04:00 kali kernel: pci 0000:00:17.1: [15ad:07a0] type 01 class 0x060400
2026-04-14T03:39:40.142043-04:00 kali kernel: pci 0000:00:17.1: PME# supported from D0 D3hot D3cold
2026-04-14T03:39:40.142044-04:00 kali kernel: pci 0000:00:17.2: [15ad:07a0] type 01 class 0x060400
2026-04-14T03:39:40.142045-04:00 kali kernel: pci 0000:00:17.2: PME# supported from D0 D3hot D3cold
2026-04-14T03:39:40.142046-04:00 kali kernel: pci 0000:00:17.3: [15ad:07a0] type 01 class 0x060400
2026-04-14T03:39:40.142050-04:00 kali kernel: pci 0000:00:17.3: PME# supported from D0 D3hot D3cold
2026-04-14T03:39:40.142082-04:00 kali kernel: pci 0000:00:17.4: [15ad:07a0] type 01 class 0x060400
2026-04-14T03:39:40.142085-04:00 kali kernel: pci 0000:00:17.4: PME# supported from D0 D3hot D3cold
2026-04-14T03:39:40.142085-04:00 kali kernel: pci 0000:00:17.5: [15ad:07a0] type 01 class 0x060400
2026-04-14T03:39:40.142086-04:00 kali kernel: pci 0000:00:17.5: PME# supported from D0 D3hot D3cold
2026-04-14T03:39:40.142087-04:00 kali kernel: pci 0000:00:17.6: [15ad:07a0] type 01 class 0x060400
2026-04-14T03:39:40.142088-04:00 kali kernel: pci 0000:00:17.6: PME# supported from D0 D3hot D3cold
2026-04-14T03:39:40.142121-04:00 kali kernel: pci 0000:00:17.7: [15ad:07a0] type 01 class 0x060400
2026-04-14T03:39:40.142123-04:00 kali kernel: pci 0000:00:17.7: PME# supported from D0 D3hot D3cold
2026-04-14T03:39:40.142124-04:00 kali kernel: pci 0000:00:18.0: [15ad:07a0] type 01 class 0x060400
2026-04-14T03:39:40.142125-04:00 kali kernel: pci 0000:00:18.0: PME# supported from D0 D3hot D3cold
2026-04-14T03:39:40.142126-04:00 kali kernel: pci 0000:00:18.1: [15ad:07a0] type 01 class 0x060400
2026-04-14T03:39:40.142127-04:00 kali kernel: pci 0000:00:18.1: PME# supported from D0 D3hot D3cold
2026-04-14T03:39:40.142158-04:00 kali kernel: pci 0000:00:18.2: [15ad:07a0] type 01 class 0x060400
2026-04-14T03:39:40.142161-04:00 kali kernel: pci 0000:00:18.2: PME# supported from D0 D3hot D3cold
2026-04-14T03:39:40.142161-04:00 kali kernel: pci 0000:00:18.3: [15ad:07a0] type 01 class 0x060400
2026-04-14T03:39:40.142162-04:00 kali kernel: pci 0000:00:18.3: PME# supported from D0 D3hot D3cold
2026-04-14T03:39:40.142163-04:00 kali kernel: pci 0000:00:18.4: [15ad:07a0] type 01 class 0x060400
2026-04-14T03:39:40.142164-04:00 kali kernel: pci 0000:00:18.4: PME# supported from D0 D3hot D3cold
2026-04-14T03:39:40.142165-04:00 kali kernel: pci 0000:00:18.5: [15ad:07a0] type 01 class 0x060400
2026-04-14T03:39:40.142197-04:00 kali kernel: pci 0000:00:18.5: PME# supported from D0 D3hot D3cold
2026-04-14T03:39:40.142199-04:00 kali kernel: pci 0000:00:18.6: [15ad:07a0] type 01 class 0x060400
2026-04-14T03:39:40.142200-04:00 kali kernel: pci 0000:00:18.6: PME# supported from D0 D3hot D3cold
2026-04-14T03:39:40.142201-04:00 kali kernel: pci 0000:00:18.7: [15ad:07a0] type 01 class 0x060400
2026-04-14T03:39:40.142202-04:00 kali kernel: pci 0000:00:18.7: PME# supported from D0 D3hot D3cold
2026-04-14T03:39:40.142203-04:00 kali kernel: pci_bus 0000:01: extended config space not accessible
2026-04-14T03:39:40.142234-04:00 kali kernel: pci 0000:00:01.0: PCI bridge to [bus 01]
2026-04-14T03:39:40.142237-04:00 kali kernel: pci_bus 0000:02: extended config space not accessible
2026-04-14T03:39:40.142238-04:00 kali kernel: acpiphp: Slot [32] registered
2026-04-14T03:39:40.142239-04:00 kali kernel: acpiphp: Slot [33] registered
2026-04-14T03:39:40.142240-04:00 kali kernel: acpiphp: Slot [34] registered
2026-04-14T03:39:40.142241-04:00 kali kernel: acpiphp: Slot [35] registered
2026-04-14T03:39:40.142245-04:00 kali kernel: acpiphp: Slot [36] registered
2026-04-14T03:39:40.142274-04:00 kali kernel: acpiphp: Slot [37] registered
2026-04-14T03:39:40.142276-04:00 kali kernel: acpiphp: Slot [38] registered
2026-04-14T03:39:40.142277-04:00 kali kernel: acpiphp: Slot [39] registered
2026-04-14T03:39:40.142278-04:00 kali kernel: acpiphp: Slot [40] registered
2026-04-14T03:39:40.142279-04:00 kali kernel: acpiphp: Slot [41] registered
2026-04-14T03:39:40.142280-04:00 kali kernel: acpiphp: Slot [42] registered
2026-04-14T03:39:40.142311-04:00 kali kernel: acpiphp: Slot [43] registered
2026-04-14T03:39:40.142314-04:00 kali kernel: acpiphp: Slot [44] registered
2026-04-14T03:39:40.142315-04:00 kali kernel: acpiphp: Slot [45] registered
2026-04-14T03:39:40.142316-04:00 kali kernel: acpiphp: Slot [46] registered
2026-04-14T03:39:40.142317-04:00 kali kernel: acpiphp: Slot [47] registered
2026-04-14T03:39:40.142317-04:00 kali kernel: acpiphp: Slot [48] registered
2026-04-14T03:39:40.142350-04:00 kali kernel: acpiphp: Slot [49] registered
2026-04-14T03:39:40.142353-04:00 kali kernel: acpiphp: Slot [50] registered
2026-04-14T03:39:40.142354-04:00 kali kernel: acpiphp: Slot [51] registered
2026-04-14T03:39:40.142354-04:00 kali kernel: acpiphp: Slot [52] registered
2026-04-14T03:39:40.142355-04:00 kali kernel: acpiphp: Slot [53] registered
2026-04-14T03:39:40.142356-04:00 kali kernel: acpiphp: Slot [54] registered
2026-04-14T03:39:40.142357-04:00 kali kernel: acpiphp: Slot [55] registered
2026-04-14T03:39:40.142391-04:00 kali kernel: acpiphp: Slot [56] registered
2026-04-14T03:39:40.142393-04:00 kali kernel: acpiphp: Slot [57] registered
2026-04-14T03:39:40.142394-04:00 kali kernel: acpiphp: Slot [58] registered
2026-04-14T03:39:40.142395-04:00 kali kernel: acpiphp: Slot [59] registered
2026-04-14T03:39:40.142396-04:00 kali kernel: acpiphp: Slot [60] registered
2026-04-14T03:39:40.142396-04:00 kali kernel: acpiphp: Slot [61] registered
2026-04-14T03:39:40.142428-04:00 kali kernel: acpiphp: Slot [62] registered
2026-04-14T03:39:40.142430-04:00 kali kernel: acpiphp: Slot [63] registered
2026-04-14T03:39:40.142464-04:00 kali kernel: pci 0000:02:00.0: [15ad:0774] type 00 class 0x0c0300
2026-04-14T03:39:40.142466-04:00 kali kernel: pci 0000:02:00.0: reg 0x20: [io  0x2080-0x209f]
2026-04-14T03:39:40.142467-04:00 kali kernel: pci 0000:02:01.0: [8086:100f] type 00 class 0x020000
2026-04-14T03:39:40.142468-04:00 kali kernel: pci 0000:02:01.0: reg 0x10: [mem 0xfd5c0000-0xfd5dffff 64bit]
2026-04-14T03:39:40.142473-04:00 kali kernel: pci 0000:02:01.0: reg 0x18: [mem 0xfdff0000-0xfdffffff 64bit]
2026-04-14T03:39:40.142502-04:00 kali kernel: pci 0000:02:01.0: reg 0x20: [io  0x2000-0x203f]
2026-04-14T03:39:40.142504-04:00 kali kernel: pci 0000:02:01.0: reg 0x30: [mem 0x00000000-0x0000ffff pref]
2026-04-14T03:39:40.142505-04:00 kali kernel: pci 0000:02:01.0: PME# supported from D0 D3hot D3cold
2026-04-14T03:39:40.142506-04:00 kali kernel: pci 0000:02:02.0: [1274:1371] type 00 class 0x040100
2026-04-14T03:39:40.142507-04:00 kali kernel: pci 0000:02:02.0: reg 0x10: [io  0x2040-0x207f]
2026-04-14T03:39:40.142508-04:00 kali kernel: pci 0000:02:03.0: [15ad:0770] type 00 class 0x0c0320
2026-04-14T03:39:40.142540-04:00 kali kernel: pci 0000:02:03.0: reg 0x10: [mem 0xfd5ef000-0xfd5effff]
2026-04-14T03:39:40.142543-04:00 kali kernel: pci 0000:00:11.0: PCI bridge to [bus 02] (subtractive decode)
2026-04-14T03:39:40.142544-04:00 kali kernel: pci 0000:00:11.0:   bridge window [io  0x2000-0x3fff]
2026-04-14T03:39:40.142545-04:00 kali kernel: pci 0000:00:11.0:   bridge window [mem 0xfd500000-0xfdffffff]
2026-04-14T03:39:40.142545-04:00 kali kernel: pci 0000:00:11.0:   bridge window [mem 0xe7b00000-0xe7ffffff 64bit pref]
2026-04-14T03:39:40.142546-04:00 kali kernel: pci 0000:00:11.0:   bridge window [mem 0x000a0000-0x000bffff window] (subtractive decode)
2026-04-14T03:39:40.142578-04:00 kali kernel: pci 0000:00:11.0:   bridge window [mem 0x000cc000-0x000dbfff window] (subtractive decode)
2026-04-14T03:39:40.142580-04:00 kali kernel: pci 0000:00:11.0:   bridge window [mem 0x80000000-0xfebfffff window] (subtractive decode)
2026-04-14T03:39:40.142581-04:00 kali kernel: pci 0000:00:11.0:   bridge window [io  0x0000-0x0cf7 window] (subtractive decode)
2026-04-14T03:39:40.142582-04:00 kali kernel: pci 0000:00:11.0:   bridge window [io  0x0d00-0xfeff window] (subtractive decode)
2026-04-14T03:39:40.142583-04:00 kali kernel: pci 0000:00:15.0: PCI bridge to [bus 03]
2026-04-14T03:39:40.142584-04:00 kali kernel: pci 0000:00:15.0:   bridge window [io  0x4000-0x4fff]
2026-04-14T03:39:40.142585-04:00 kali kernel: pci 0000:00:15.0:   bridge window [mem 0xfd400000-0xfd4fffff]
2026-04-14T03:39:40.142618-04:00 kali kernel: pci 0000:00:15.0:   bridge window [mem 0xe7a00000-0xe7afffff 64bit pref]
2026-04-14T03:39:40.142621-04:00 kali kernel: pci 0000:00:15.1: PCI bridge to [bus 04]
2026-04-14T03:39:40.142622-04:00 kali kernel: pci 0000:00:15.1:   bridge window [io  0x8000-0x8fff]
2026-04-14T03:39:40.142623-04:00 kali kernel: pci 0000:00:15.1:   bridge window [mem 0xfd000000-0xfd0fffff]
2026-04-14T03:39:40.142624-04:00 kali kernel: pci 0000:00:15.1:   bridge window [mem 0xe7600000-0xe76fffff 64bit pref]
2026-04-14T03:39:40.142625-04:00 kali kernel: pci 0000:00:15.2: PCI bridge to [bus 05]
2026-04-14T03:39:40.142660-04:00 kali kernel: pci 0000:00:15.2:   bridge window [io  0xc000-0xcfff]
2026-04-14T03:39:40.142662-04:00 kali kernel: pci 0000:00:15.2:   bridge window [mem 0xfcc00000-0xfccfffff]
2026-04-14T03:39:40.142663-04:00 kali kernel: pci 0000:00:15.2:   bridge window [mem 0xe7200000-0xe72fffff 64bit pref]
2026-04-14T03:39:40.142665-04:00 kali kernel: pci 0000:00:15.3: PCI bridge to [bus 06]
2026-04-14T03:39:40.142666-04:00 kali kernel: pci 0000:00:15.3:   bridge window [mem 0xfc800000-0xfc8fffff]
2026-04-14T03:39:40.142667-04:00 kali kernel: pci 0000:00:15.3:   bridge window [mem 0xe6e00000-0xe6efffff 64bit pref]
2026-04-14T03:39:40.142755-04:00 kali kernel: pci 0000:00:15.4: PCI bridge to [bus 07]
2026-04-14T03:39:40.142798-04:00 kali kernel: pci 0000:00:15.4:   bridge window [mem 0xfc400000-0xfc4fffff]
2026-04-14T03:39:40.142802-04:00 kali kernel: pci 0000:00:15.4:   bridge window [mem 0xe6a00000-0xe6afffff 64bit pref]
2026-04-14T03:39:40.142804-04:00 kali kernel: pci 0000:00:15.5: PCI bridge to [bus 08]
2026-04-14T03:39:40.142805-04:00 kali kernel: pci 0000:00:15.5:   bridge window [mem 0xfc000000-0xfc0fffff]
2026-04-14T03:39:40.142806-04:00 kali kernel: pci 0000:00:15.5:   bridge window [mem 0xe6600000-0xe66fffff 64bit pref]
2026-04-14T03:39:40.142806-04:00 kali kernel: pci 0000:00:15.6: PCI bridge to [bus 09]
2026-04-14T03:39:40.142841-04:00 kali kernel: pci 0000:00:15.6:   bridge window [mem 0xfbc00000-0xfbcfffff]
2026-04-14T03:39:40.142844-04:00 kali kernel: pci 0000:00:15.6:   bridge window [mem 0xe6200000-0xe62fffff 64bit pref]
2026-04-14T03:39:40.142844-04:00 kali kernel: pci 0000:00:15.7: PCI bridge to [bus 0a]
2026-04-14T03:39:40.142845-04:00 kali kernel: pci 0000:00:15.7:   bridge window [mem 0xfb800000-0xfb8fffff]
2026-04-14T03:39:40.142846-04:00 kali kernel: pci 0000:00:15.7:   bridge window [mem 0xe5e00000-0xe5efffff 64bit pref]
2026-04-14T03:39:40.142848-04:00 kali kernel: pci 0000:00:16.0: PCI bridge to [bus 0b]
2026-04-14T03:39:40.142887-04:00 kali kernel: pci 0000:00:16.0:   bridge window [io  0x5000-0x5fff]
2026-04-14T03:39:40.142890-04:00 kali kernel: pci 0000:00:16.0:   bridge window [mem 0xfd300000-0xfd3fffff]
2026-04-14T03:39:40.142890-04:00 kali kernel: pci 0000:00:16.0:   bridge window [mem 0xe7900000-0xe79fffff 64bit pref]
2026-04-14T03:39:40.142891-04:00 kali kernel: pci 0000:00:16.1: PCI bridge to [bus 0c]
2026-04-14T03:39:40.142892-04:00 kali kernel: pci 0000:00:16.1:   bridge window [io  0x9000-0x9fff]
2026-04-14T03:39:40.142893-04:00 kali kernel: pci 0000:00:16.1:   bridge window [mem 0xfcf00000-0xfcffffff]
2026-04-14T03:39:40.142894-04:00 kali kernel: pci 0000:00:16.1:   bridge window [mem 0xe7500000-0xe75fffff 64bit pref]
2026-04-14T03:39:40.142927-04:00 kali kernel: pci 0000:00:16.2: PCI bridge to [bus 0d]
2026-04-14T03:39:40.142930-04:00 kali kernel: pci 0000:00:16.2:   bridge window [io  0xd000-0xdfff]
2026-04-14T03:39:40.142930-04:00 kali kernel: pci 0000:00:16.2:   bridge window [mem 0xfcb00000-0xfcbfffff]
2026-04-14T03:39:40.142931-04:00 kali kernel: pci 0000:00:16.2:   bridge window [mem 0xe7100000-0xe71fffff 64bit pref]
2026-04-14T03:39:40.142932-04:00 kali kernel: pci 0000:00:16.3: PCI bridge to [bus 0e]
2026-04-14T03:39:40.142933-04:00 kali kernel: pci 0000:00:16.3:   bridge window [mem 0xfc700000-0xfc7fffff]
2026-04-14T03:39:40.142965-04:00 kali kernel: pci 0000:00:16.3:   bridge window [mem 0xe6d00000-0xe6dfffff 64bit pref]
2026-04-14T03:39:40.142967-04:00 kali kernel: pci 0000:00:16.4: PCI bridge to [bus 0f]
2026-04-14T03:39:40.142968-04:00 kali kernel: pci 0000:00:16.4:   bridge window [mem 0xfc300000-0xfc3fffff]
2026-04-14T03:39:40.142969-04:00 kali kernel: pci 0000:00:16.4:   bridge window [mem 0xe6900000-0xe69fffff 64bit pref]
2026-04-14T03:39:40.142970-04:00 kali kernel: pci 0000:00:16.5: PCI bridge to [bus 10]
2026-04-14T03:39:40.142971-04:00 kali kernel: pci 0000:00:16.5:   bridge window [mem 0xfbf00000-0xfbffffff]
2026-04-14T03:39:40.142975-04:00 kali kernel: pci 0000:00:16.5:   bridge window [mem 0xe6500000-0xe65fffff 64bit pref]
2026-04-14T03:39:40.143006-04:00 kali kernel: pci 0000:00:16.6: PCI bridge to [bus 11]
2026-04-14T03:39:40.143008-04:00 kali kernel: pci 0000:00:16.6:   bridge window [mem 0xfbb00000-0xfbbfffff]
2026-04-14T03:39:40.143009-04:00 kali kernel: pci 0000:00:16.6:   bridge window [mem 0xe6100000-0xe61fffff 64bit pref]
2026-04-14T03:39:40.143010-04:00 kali kernel: pci 0000:00:16.7: PCI bridge to [bus 12]
2026-04-14T03:39:40.143011-04:00 kali kernel: pci 0000:00:16.7:   bridge window [mem 0xfb700000-0xfb7fffff]
2026-04-14T03:39:40.143012-04:00 kali kernel: pci 0000:00:16.7:   bridge window [mem 0xe5d00000-0xe5dfffff 64bit pref]
2026-04-14T03:39:40.143044-04:00 kali kernel: pci 0000:00:17.0: PCI bridge to [bus 13]
2026-04-14T03:39:40.143046-04:00 kali kernel: pci 0000:00:17.0:   bridge window [io  0x6000-0x6fff]
2026-04-14T03:39:40.143047-04:00 kali kernel: pci 0000:00:17.0:   bridge window [mem 0xfd200000-0xfd2fffff]
2026-04-14T03:39:40.143048-04:00 kali kernel: pci 0000:00:17.0:   bridge window [mem 0xe7800000-0xe78fffff 64bit pref]
2026-04-14T03:39:40.143049-04:00 kali kernel: pci 0000:00:17.1: PCI bridge to [bus 14]
2026-04-14T03:39:40.143050-04:00 kali kernel: pci 0000:00:17.1:   bridge window [io  0xa000-0xafff]
2026-04-14T03:39:40.143082-04:00 kali kernel: pci 0000:00:17.1:   bridge window [mem 0xfce00000-0xfcefffff]
2026-04-14T03:39:40.143084-04:00 kali kernel: pci 0000:00:17.1:   bridge window [mem 0xe7400000-0xe74fffff 64bit pref]
2026-04-14T03:39:40.143085-04:00 kali kernel: pci 0000:00:17.2: PCI bridge to [bus 15]
2026-04-14T03:39:40.143086-04:00 kali kernel: pci 0000:00:17.2:   bridge window [io  0xe000-0xefff]
2026-04-14T03:39:40.143087-04:00 kali kernel: pci 0000:00:17.2:   bridge window [mem 0xfca00000-0xfcafffff]
2026-04-14T03:39:40.143089-04:00 kali kernel: pci 0000:00:17.2:   bridge window [mem 0xe7000000-0xe70fffff 64bit pref]
2026-04-14T03:39:40.143090-04:00 kali kernel: pci 0000:00:17.3: PCI bridge to [bus 16]
2026-04-14T03:39:40.143126-04:00 kali kernel: pci 0000:00:17.3:   bridge window [mem 0xfc600000-0xfc6fffff]
2026-04-14T03:39:40.143128-04:00 kali kernel: pci 0000:00:17.3:   bridge window [mem 0xe6c00000-0xe6cfffff 64bit pref]
2026-04-14T03:39:40.143129-04:00 kali kernel: pci 0000:00:17.4: PCI bridge to [bus 17]
2026-04-14T03:39:40.143130-04:00 kali kernel: pci 0000:00:17.4:   bridge window [mem 0xfc200000-0xfc2fffff]
2026-04-14T03:39:40.143131-04:00 kali kernel: pci 0000:00:17.4:   bridge window [mem 0xe6800000-0xe68fffff 64bit pref]
2026-04-14T03:39:40.143132-04:00 kali kernel: pci 0000:00:17.5: PCI bridge to [bus 18]
2026-04-14T03:39:40.143169-04:00 kali kernel: pci 0000:00:17.5:   bridge window [mem 0xfbe00000-0xfbefffff]
2026-04-14T03:39:40.143173-04:00 kali kernel: pci 0000:00:17.5:   bridge window [mem 0xe6400000-0xe64fffff 64bit pref]
2026-04-14T03:39:40.143174-04:00 kali kernel: pci 0000:00:17.6: PCI bridge to [bus 19]
2026-04-14T03:39:40.143174-04:00 kali kernel: pci 0000:00:17.6:   bridge window [mem 0xfba00000-0xfbafffff]
2026-04-14T03:39:40.143175-04:00 kali kernel: pci 0000:00:17.6:   bridge window [mem 0xe6000000-0xe60fffff 64bit pref]
2026-04-14T03:39:40.143177-04:00 kali kernel: pci 0000:00:17.7: PCI bridge to [bus 1a]
2026-04-14T03:39:40.143181-04:00 kali kernel: pci 0000:00:17.7:   bridge window [mem 0xfb600000-0xfb6fffff]
2026-04-14T03:39:40.143211-04:00 kali kernel: pci 0000:00:17.7:   bridge window [mem 0xe5c00000-0xe5cfffff 64bit pref]
2026-04-14T03:39:40.143213-04:00 kali kernel: pci 0000:00:18.0: PCI bridge to [bus 1b]
2026-04-14T03:39:40.143238-04:00 kali kernel: pci 0000:00:18.0:   bridge window [io  0x7000-0x7fff]
2026-04-14T03:39:40.143240-04:00 kali kernel: pci 0000:00:18.0:   bridge window [mem 0xfd100000-0xfd1fffff]
2026-04-14T03:39:40.143241-04:00 kali kernel: pci 0000:00:18.0:   bridge window [mem 0xe7700000-0xe77fffff 64bit pref]
2026-04-14T03:39:40.143242-04:00 kali kernel: pci 0000:00:18.1: PCI bridge to [bus 1c]
2026-04-14T03:39:40.167623-04:00 kali kernel: pci 0000:00:18.1:   bridge window [io  0xb000-0xbfff]
2026-04-14T03:39:40.167659-04:00 kali kernel: pci 0000:00:18.1:   bridge window [mem 0xfcd00000-0xfcdfffff]
2026-04-14T03:39:40.167661-04:00 kali kernel: pci 0000:00:18.1:   bridge window [mem 0xe7300000-0xe73fffff 64bit pref]
2026-04-14T03:39:40.167663-04:00 kali kernel: pci 0000:00:18.2: PCI bridge to [bus 1d]
2026-04-14T03:39:40.167664-04:00 kali kernel: pci 0000:00:18.2:   bridge window [mem 0xfc900000-0xfc9fffff]
2026-04-14T03:39:40.167666-04:00 kali kernel: pci 0000:00:18.2:   bridge window [mem 0xe6f00000-0xe6ffffff 64bit pref]
2026-04-14T03:39:40.167840-04:00 kali kernel: pci 0000:00:18.3: PCI bridge to [bus 1e]
2026-04-14T03:39:40.167843-04:00 kali kernel: pci 0000:00:18.3:   bridge window [mem 0xfc500000-0xfc5fffff]
2026-04-14T03:39:40.167844-04:00 kali kernel: pci 0000:00:18.3:   bridge window [mem 0xe6b00000-0xe6bfffff 64bit pref]
2026-04-14T03:39:40.167845-04:00 kali kernel: pci 0000:00:18.4: PCI bridge to [bus 1f]
2026-04-14T03:39:40.167846-04:00 kali kernel: pci 0000:00:18.4:   bridge window [mem 0xfc100000-0xfc1fffff]
2026-04-14T03:39:40.167847-04:00 kali kernel: pci 0000:00:18.4:   bridge window [mem 0xe6700000-0xe67fffff 64bit pref]
2026-04-14T03:39:40.167848-04:00 kali kernel: pci 0000:00:18.5: PCI bridge to [bus 20]
2026-04-14T03:39:40.167886-04:00 kali kernel: pci 0000:00:18.5:   bridge window [mem 0xfbd00000-0xfbdfffff]
2026-04-14T03:39:40.167888-04:00 kali kernel: pci 0000:00:18.5:   bridge window [mem 0xe6300000-0xe63fffff 64bit pref]
2026-04-14T03:39:40.167890-04:00 kali kernel: pci 0000:00:18.6: PCI bridge to [bus 21]
2026-04-14T03:39:40.167891-04:00 kali kernel: pci 0000:00:18.6:   bridge window [mem 0xfb900000-0xfb9fffff]
2026-04-14T03:39:40.167892-04:00 kali kernel: pci 0000:00:18.6:   bridge window [mem 0xe5f00000-0xe5ffffff 64bit pref]
2026-04-14T03:39:40.167893-04:00 kali kernel: pci 0000:00:18.7: PCI bridge to [bus 22]
2026-04-14T03:39:40.168054-04:00 kali kernel: pci 0000:00:18.7:   bridge window [mem 0xfb500000-0xfb5fffff]
2026-04-14T03:39:40.168059-04:00 kali kernel: pci 0000:00:18.7:   bridge window [mem 0xe5b00000-0xe5bfffff 64bit pref]
2026-04-14T03:39:40.168060-04:00 kali kernel: ACPI: PCI: Interrupt link LNKA configured for IRQ 9
2026-04-14T03:39:40.168061-04:00 kali kernel: ACPI: PCI: Interrupt link LNKB configured for IRQ 11
2026-04-14T03:39:40.168062-04:00 kali kernel: ACPI: PCI: Interrupt link LNKC configured for IRQ 10
2026-04-14T03:39:40.168063-04:00 kali kernel: ACPI: PCI: Interrupt link LNKD configured for IRQ 5
2026-04-14T03:39:40.168072-04:00 kali kernel: iommu: Default domain type: Translated
2026-04-14T03:39:40.168111-04:00 kali kernel: iommu: DMA domain TLB invalidation policy: lazy mode
2026-04-14T03:39:40.168113-04:00 kali kernel: pps_core: LinuxPPS API ver. 1 registered
2026-04-14T03:39:40.168114-04:00 kali kernel: pps_core: Software ver. 5.3.6 - Copyright 2005-2007 Rodolfo Giometti <giometti@linux.it>
2026-04-14T03:39:40.168115-04:00 kali kernel: PTP clock support registered
2026-04-14T03:39:40.168116-04:00 kali kernel: EDAC MC: Ver: 3.0.0
2026-04-14T03:39:40.168117-04:00 kali kernel: NetLabel: Initializing
2026-04-14T03:39:40.168158-04:00 kali kernel: NetLabel:  domain hash size = 128
2026-04-14T03:39:40.168160-04:00 kali kernel: NetLabel:  protocols = UNLABELED CIPSOv4 CALIPSO
2026-04-14T03:39:40.168161-04:00 kali kernel: NetLabel:  unlabeled traffic allowed by default
2026-04-14T03:39:40.168162-04:00 kali kernel: PCI: Using ACPI for IRQ routing
2026-04-14T03:39:40.168164-04:00 kali kernel: PCI: pci_cache_line_size set to 64 bytes
2026-04-14T03:39:40.168166-04:00 kali kernel: e820: reserve RAM buffer [mem 0x0009f400-0x0009ffff]
2026-04-14T03:39:40.168418-04:00 kali kernel: e820: reserve RAM buffer [mem 0x7fee0000-0x7fffffff]
2026-04-14T03:39:40.168427-04:00 kali kernel: pci 0000:00:0f.0: vgaarb: setting as boot VGA device
2026-04-14T03:39:40.168429-04:00 kali kernel: pci 0000:00:0f.0: vgaarb: bridge control possible
2026-04-14T03:39:40.168430-04:00 kali kernel: pci 0000:00:0f.0: vgaarb: VGA device added: decodes=io+mem,owns=io+mem,locks=none
2026-04-14T03:39:40.168431-04:00 kali kernel: vgaarb: loaded
2026-04-14T03:39:40.168433-04:00 kali kernel: hpet0: at MMIO 0xfed00000, IRQs 2, 8, 0, 0, 0, 0, 0, 0, 0, 0, 0, 0, 0, 0, 0, 0
2026-04-14T03:39:40.168434-04:00 kali kernel: hpet0: 16 comparators, 64-bit 14.318180 MHz counter
2026-04-14T03:39:40.168485-04:00 kali kernel: clocksource: Switched to clocksource tsc-early
2026-04-14T03:39:40.168488-04:00 kali kernel: VFS: Disk quotas dquot_6.6.0
2026-04-14T03:39:40.168489-04:00 kali kernel: VFS: Dquot-cache hash table entries: 512 (order 0, 4096 bytes)
2026-04-14T03:39:40.168490-04:00 kali kernel: AppArmor: AppArmor Filesystem Enabled
2026-04-14T03:39:40.168491-04:00 kali kernel: pnp: PnP ACPI init
2026-04-14T03:39:40.168492-04:00 kali kernel: system 00:00: [io  0x1000-0x103f] has been reserved
2026-04-14T03:39:40.168583-04:00 kali kernel: system 00:00: [io  0x1040-0x104f] has been reserved
2026-04-14T03:39:40.168588-04:00 kali kernel: system 00:00: [io  0x0cf0-0x0cf1] has been reserved
2026-04-14T03:39:40.168589-04:00 kali kernel: system 00:04: [mem 0xfed00000-0xfed003ff] has been reserved
2026-04-14T03:39:40.168590-04:00 kali kernel: pnp 00:08: [dma 2]
2026-04-14T03:39:40.168591-04:00 kali kernel: system 00:09: [io  0xfce0-0xfcff] has been reserved
2026-04-14T03:39:40.168592-04:00 kali kernel: system 00:09: [mem 0xf0000000-0xf7ffffff] has been reserved
2026-04-14T03:39:40.168599-04:00 kali kernel: system 00:09: [mem 0xfe800000-0xfe9fffff] has been reserved
2026-04-14T03:39:40.168632-04:00 kali kernel: pnp: PnP ACPI: found 10 devices
2026-04-14T03:39:40.168635-04:00 kali kernel: clocksource: acpi_pm: mask: 0xffffff max_cycles: 0xffffff, max_idle_ns: 2085701024 ns
2026-04-14T03:39:40.168636-04:00 kali kernel: NET: Registered PF_INET protocol family
2026-04-14T03:39:40.168637-04:00 kali kernel: IP idents hash table entries: 32768 (order: 6, 262144 bytes, linear)
2026-04-14T03:39:40.168638-04:00 kali kernel: tcp_listen_portaddr_hash hash table entries: 1024 (order: 2, 16384 bytes, linear)
2026-04-14T03:39:40.168639-04:00 kali kernel: Table-perturb hash table entries: 65536 (order: 6, 262144 bytes, linear)
2026-04-14T03:39:40.168673-04:00 kali kernel: TCP established hash table entries: 16384 (order: 5, 131072 bytes, linear)
2026-04-14T03:39:40.168676-04:00 kali kernel: TCP bind hash table entries: 16384 (order: 7, 524288 bytes, linear)
2026-04-14T03:39:40.168677-04:00 kali kernel: TCP: Hash tables configured (established 16384 bind 16384)
2026-04-14T03:39:40.168678-04:00 kali kernel: MPTCP token hash table entries: 2048 (order: 3, 49152 bytes, linear)
2026-04-14T03:39:40.168679-04:00 kali kernel: UDP hash table entries: 1024 (order: 3, 32768 bytes, linear)
2026-04-14T03:39:40.168680-04:00 kali kernel: UDP-Lite hash table entries: 1024 (order: 3, 32768 bytes, linear)
2026-04-14T03:39:40.168905-04:00 kali kernel: NET: Registered PF_UNIX/PF_LOCAL protocol family
2026-04-14T03:39:40.168914-04:00 kali kernel: NET: Registered PF_XDP protocol family
2026-04-14T03:39:40.168916-04:00 kali kernel: pci 0000:00:15.3: bridge window [io  0x1000-0x0fff] to [bus 06] add_size 1000
2026-04-14T03:39:40.168917-04:00 kali kernel: pci 0000:00:15.4: bridge window [io  0x1000-0x0fff] to [bus 07] add_size 1000
2026-04-14T03:39:40.168918-04:00 kali kernel: pci 0000:00:15.5: bridge window [io  0x1000-0x0fff] to [bus 08] add_size 1000
2026-04-14T03:39:40.168918-04:00 kali kernel: pci 0000:00:15.6: bridge window [io  0x1000-0x0fff] to [bus 09] add_size 1000
2026-04-14T03:39:40.168919-04:00 kali kernel: pci 0000:00:15.7: bridge window [io  0x1000-0x0fff] to [bus 0a] add_size 1000
2026-04-14T03:39:40.169036-04:00 kali kernel: pci 0000:00:16.3: bridge window [io  0x1000-0x0fff] to [bus 0e] add_size 1000
2026-04-14T03:39:40.169042-04:00 kali kernel: pci 0000:00:16.4: bridge window [io  0x1000-0x0fff] to [bus 0f] add_size 1000
2026-04-14T03:39:40.169043-04:00 kali kernel: pci 0000:00:16.5: bridge window [io  0x1000-0x0fff] to [bus 10] add_size 1000
2026-04-14T03:39:40.169044-04:00 kali kernel: pci 0000:00:16.6: bridge window [io  0x1000-0x0fff] to [bus 11] add_size 1000
2026-04-14T03:39:40.169045-04:00 kali kernel: pci 0000:00:16.7: bridge window [io  0x1000-0x0fff] to [bus 12] add_size 1000
2026-04-14T03:39:40.169047-04:00 kali kernel: pci 0000:00:17.3: bridge window [io  0x1000-0x0fff] to [bus 16] add_size 1000
2026-04-14T03:39:40.169099-04:00 kali kernel: pci 0000:00:17.4: bridge window [io  0x1000-0x0fff] to [bus 17] add_size 1000
2026-04-14T03:39:40.169102-04:00 kali kernel: pci 0000:00:17.5: bridge window [io  0x1000-0x0fff] to [bus 18] add_size 1000
2026-04-14T03:39:40.169103-04:00 kali kernel: pci 0000:00:17.6: bridge window [io  0x1000-0x0fff] to [bus 19] add_size 1000
2026-04-14T03:39:40.169104-04:00 kali kernel: pci 0000:00:17.7: bridge window [io  0x1000-0x0fff] to [bus 1a] add_size 1000
2026-04-14T03:39:40.169105-04:00 kali kernel: pci 0000:00:18.2: bridge window [io  0x1000-0x0fff] to [bus 1d] add_size 1000
2026-04-14T03:39:40.169106-04:00 kali kernel: pci 0000:00:18.3: bridge window [io  0x1000-0x0fff] to [bus 1e] add_size 1000
2026-04-14T03:39:40.169112-04:00 kali kernel: pci 0000:00:18.4: bridge window [io  0x1000-0x0fff] to [bus 1f] add_size 1000
2026-04-14T03:39:40.169170-04:00 kali kernel: pci 0000:00:18.5: bridge window [io  0x1000-0x0fff] to [bus 20] add_size 1000
2026-04-14T03:39:40.169174-04:00 kali kernel: pci 0000:00:18.6: bridge window [io  0x1000-0x0fff] to [bus 21] add_size 1000
2026-04-14T03:39:40.169175-04:00 kali kernel: pci 0000:00:18.7: bridge window [io  0x1000-0x0fff] to [bus 22] add_size 1000
2026-04-14T03:39:40.169176-04:00 kali kernel: pci 0000:00:10.0: BAR 6: assigned [mem 0x80000000-0x80003fff pref]
2026-04-14T03:39:40.169176-04:00 kali kernel: pci 0000:00:15.3: BAR 13: no space for [io  size 0x1000]
2026-04-14T03:39:40.169177-04:00 kali kernel: pci 0000:00:15.3: BAR 13: failed to assign [io  size 0x1000]
2026-04-14T03:39:40.169228-04:00 kali kernel: pci 0000:00:15.4: BAR 13: no space for [io  size 0x1000]
2026-04-14T03:39:40.169231-04:00 kali kernel: pci 0000:00:15.4: BAR 13: failed to assign [io  size 0x1000]
2026-04-14T03:39:40.169232-04:00 kali kernel: pci 0000:00:15.5: BAR 13: no space for [io  size 0x1000]
2026-04-14T03:39:40.169233-04:00 kali kernel: pci 0000:00:15.5: BAR 13: failed to assign [io  size 0x1000]
2026-04-14T03:39:40.169234-04:00 kali kernel: pci 0000:00:15.6: BAR 13: no space for [io  size 0x1000]
2026-04-14T03:39:40.169235-04:00 kali kernel: pci 0000:00:15.6: BAR 13: failed to assign [io  size 0x1000]
2026-04-14T03:39:40.169272-04:00 kali kernel: pci 0000:00:15.7: BAR 13: no space for [io  size 0x1000]
2026-04-14T03:39:40.169275-04:00 kali kernel: pci 0000:00:15.7: BAR 13: failed to assign [io  size 0x1000]
2026-04-14T03:39:40.169276-04:00 kali kernel: pci 0000:00:16.3: BAR 13: no space for [io  size 0x1000]
2026-04-14T03:39:40.169277-04:00 kali kernel: pci 0000:00:16.3: BAR 13: failed to assign [io  size 0x1000]
2026-04-14T03:39:40.169277-04:00 kali kernel: pci 0000:00:16.4: BAR 13: no space for [io  size 0x1000]
2026-04-14T03:39:40.169278-04:00 kali kernel: pci 0000:00:16.4: BAR 13: failed to assign [io  size 0x1000]
2026-04-14T03:39:40.169279-04:00 kali kernel: pci 0000:00:16.5: BAR 13: no space for [io  size 0x1000]
2026-04-14T03:39:40.169312-04:00 kali kernel: pci 0000:00:16.5: BAR 13: failed to assign [io  size 0x1000]
2026-04-14T03:39:40.169315-04:00 kali kernel: pci 0000:00:16.6: BAR 13: no space for [io  size 0x1000]
2026-04-14T03:39:40.169316-04:00 kali kernel: pci 0000:00:16.6: BAR 13: failed to assign [io  size 0x1000]
2026-04-14T03:39:40.169317-04:00 kali kernel: pci 0000:00:16.7: BAR 13: no space for [io  size 0x1000]
2026-04-14T03:39:40.169318-04:00 kali kernel: pci 0000:00:16.7: BAR 13: failed to assign [io  size 0x1000]
2026-04-14T03:39:40.169318-04:00 kali kernel: pci 0000:00:17.3: BAR 13: no space for [io  size 0x1000]
2026-04-14T03:39:40.169396-04:00 kali kernel: pci 0000:00:17.3: BAR 13: failed to assign [io  size 0x1000]
2026-04-14T03:39:40.169400-04:00 kali kernel: pci 0000:00:17.4: BAR 13: no space for [io  size 0x1000]
2026-04-14T03:39:40.169401-04:00 kali kernel: pci 0000:00:17.4: BAR 13: failed to assign [io  size 0x1000]
2026-04-14T03:39:40.169402-04:00 kali kernel: pci 0000:00:17.5: BAR 13: no space for [io  size 0x1000]
2026-04-14T03:39:40.169403-04:00 kali kernel: pci 0000:00:17.5: BAR 13: failed to assign [io  size 0x1000]
2026-04-14T03:39:40.169404-04:00 kali kernel: pci 0000:00:17.6: BAR 13: no space for [io  size 0x1000]
2026-04-14T03:39:40.169410-04:00 kali kernel: pci 0000:00:17.6: BAR 13: failed to assign [io  size 0x1000]
2026-04-14T03:39:40.169563-04:00 kali kernel: pci 0000:00:17.7: BAR 13: no space for [io  size 0x1000]
2026-04-14T03:39:40.169569-04:00 kali kernel: pci 0000:00:17.7: BAR 13: failed to assign [io  size 0x1000]
2026-04-14T03:39:40.169570-04:00 kali kernel: pci 0000:00:18.2: BAR 13: no space for [io  size 0x1000]
2026-04-14T03:39:40.169571-04:00 kali kernel: pci 0000:00:18.2: BAR 13: failed to assign [io  size 0x1000]
2026-04-14T03:39:40.169573-04:00 kali kernel: pci 0000:00:18.3: BAR 13: no space for [io  size 0x1000]
2026-04-14T03:39:40.169574-04:00 kali kernel: pci 0000:00:18.3: BAR 13: failed to assign [io  size 0x1000]
2026-04-14T03:39:40.169665-04:00 kali kernel: pci 0000:00:18.4: BAR 13: no space for [io  size 0x1000]
2026-04-14T03:39:40.169671-04:00 kali kernel: pci 0000:00:18.4: BAR 13: failed to assign [io  size 0x1000]
2026-04-14T03:39:40.169672-04:00 kali kernel: pci 0000:00:18.5: BAR 13: no space for [io  size 0x1000]
2026-04-14T03:39:40.169673-04:00 kali kernel: pci 0000:00:18.5: BAR 13: failed to assign [io  size 0x1000]
2026-04-14T03:39:40.169675-04:00 kali kernel: pci 0000:00:18.6: BAR 13: no space for [io  size 0x1000]
2026-04-14T03:39:40.169676-04:00 kali kernel: pci 0000:00:18.6: BAR 13: failed to assign [io  size 0x1000]
2026-04-14T03:39:40.169727-04:00 kali kernel: pci 0000:00:18.7: BAR 13: no space for [io  size 0x1000]
2026-04-14T03:39:40.169730-04:00 kali kernel: pci 0000:00:18.7: BAR 13: failed to assign [io  size 0x1000]
2026-04-14T03:39:40.169731-04:00 kali kernel: pci 0000:00:18.7: BAR 13: no space for [io  size 0x1000]
2026-04-14T03:39:40.169732-04:00 kali kernel: pci 0000:00:18.7: BAR 13: failed to assign [io  size 0x1000]
2026-04-14T03:39:40.169733-04:00 kali kernel: pci 0000:00:18.6: BAR 13: no space for [io  size 0x1000]
2026-04-14T03:39:40.169833-04:00 kali kernel: pci 0000:00:18.6: BAR 13: failed to assign [io  size 0x1000]
2026-04-14T03:39:40.169835-04:00 kali kernel: pci 0000:00:18.5: BAR 13: no space for [io  size 0x1000]
2026-04-14T03:39:40.169941-04:00 kali kernel: pci 0000:00:18.5: BAR 13: failed to assign [io  size 0x1000]
2026-04-14T03:39:40.169946-04:00 kali kernel: pci 0000:00:18.4: BAR 13: no space for [io  size 0x1000]
2026-04-14T03:39:40.169947-04:00 kali kernel: pci 0000:00:18.4: BAR 13: failed to assign [io  size 0x1000]
2026-04-14T03:39:40.169948-04:00 kali kernel: pci 0000:00:18.3: BAR 13: no space for [io  size 0x1000]
2026-04-14T03:39:40.169949-04:00 kali kernel: pci 0000:00:18.3: BAR 13: failed to assign [io  size 0x1000]
2026-04-14T03:39:40.169950-04:00 kali kernel: pci 0000:00:18.2: BAR 13: no space for [io  size 0x1000]
2026-04-14T03:39:40.170000-04:00 kali kernel: pci 0000:00:18.2: BAR 13: failed to assign [io  size 0x1000]
2026-04-14T03:39:40.170003-04:00 kali kernel: pci 0000:00:17.7: BAR 13: no space for [io  size 0x1000]
2026-04-14T03:39:40.170004-04:00 kali kernel: pci 0000:00:17.7: BAR 13: failed to assign [io  size 0x1000]
2026-04-14T03:39:40.170005-04:00 kali kernel: pci 0000:00:17.6: BAR 13: no space for [io  size 0x1000]
2026-04-14T03:39:40.170006-04:00 kali kernel: pci 0000:00:17.6: BAR 13: failed to assign [io  size 0x1000]
2026-04-14T03:39:40.170007-04:00 kali kernel: pci 0000:00:17.5: BAR 13: no space for [io  size 0x1000]
2026-04-14T03:39:40.170012-04:00 kali kernel: pci 0000:00:17.5: BAR 13: failed to assign [io  size 0x1000]
2026-04-14T03:39:40.170044-04:00 kali kernel: pci 0000:00:17.4: BAR 13: no space for [io  size 0x1000]
2026-04-14T03:39:40.170046-04:00 kali kernel: pci 0000:00:17.4: BAR 13: failed to assign [io  size 0x1000]
2026-04-14T03:39:40.170047-04:00 kali kernel: pci 0000:00:17.3: BAR 13: no space for [io  size 0x1000]
2026-04-14T03:39:40.170048-04:00 kali kernel: pci 0000:00:17.3: BAR 13: failed to assign [io  size 0x1000]
2026-04-14T03:39:40.170049-04:00 kali kernel: pci 0000:00:16.7: BAR 13: no space for [io  size 0x1000]
2026-04-14T03:39:40.170050-04:00 kali kernel: pci 0000:00:16.7: BAR 13: failed to assign [io  size 0x1000]
2026-04-14T03:39:40.170081-04:00 kali kernel: pci 0000:00:16.6: BAR 13: no space for [io  size 0x1000]
2026-04-14T03:39:40.170083-04:00 kali kernel: pci 0000:00:16.6: BAR 13: failed to assign [io  size 0x1000]
2026-04-14T03:39:40.170084-04:00 kali kernel: pci 0000:00:16.5: BAR 13: no space for [io  size 0x1000]
2026-04-14T03:39:40.170085-04:00 kali kernel: pci 0000:00:16.5: BAR 13: failed to assign [io  size 0x1000]
2026-04-14T03:39:40.170086-04:00 kali kernel: pci 0000:00:16.4: BAR 13: no space for [io  size 0x1000]
2026-04-14T03:39:40.170087-04:00 kali kernel: pci 0000:00:16.4: BAR 13: failed to assign [io  size 0x1000]
2026-04-14T03:39:40.170118-04:00 kali kernel: pci 0000:00:16.3: BAR 13: no space for [io  size 0x1000]
2026-04-14T03:39:40.170120-04:00 kali kernel: pci 0000:00:16.3: BAR 13: failed to assign [io  size 0x1000]
2026-04-14T03:39:40.170121-04:00 kali kernel: pci 0000:00:15.7: BAR 13: no space for [io  size 0x1000]
2026-04-14T03:39:40.170122-04:00 kali kernel: pci 0000:00:15.7: BAR 13: failed to assign [io  size 0x1000]
2026-04-14T03:39:40.170123-04:00 kali kernel: pci 0000:00:15.6: BAR 13: no space for [io  size 0x1000]
2026-04-14T03:39:40.170124-04:00 kali kernel: pci 0000:00:15.6: BAR 13: failed to assign [io  size 0x1000]
2026-04-14T03:39:40.170124-04:00 kali kernel: pci 0000:00:15.5: BAR 13: no space for [io  size 0x1000]
2026-04-14T03:39:40.170282-04:00 kali kernel: pci 0000:00:15.5: BAR 13: failed to assign [io  size 0x1000]
2026-04-14T03:39:40.170288-04:00 kali kernel: pci 0000:00:15.4: BAR 13: no space for [io  size 0x1000]
2026-04-14T03:39:40.170289-04:00 kali kernel: pci 0000:00:15.4: BAR 13: failed to assign [io  size 0x1000]
2026-04-14T03:39:40.170290-04:00 kali kernel: pci 0000:00:15.3: BAR 13: no space for [io  size 0x1000]
2026-04-14T03:39:40.170292-04:00 kali kernel: pci 0000:00:15.3: BAR 13: failed to assign [io  size 0x1000]
2026-04-14T03:39:40.170293-04:00 kali kernel: pci 0000:00:01.0: PCI bridge to [bus 01]
2026-04-14T03:39:40.170347-04:00 kali kernel: pci 0000:02:01.0: BAR 6: assigned [mem 0xfd500000-0xfd50ffff pref]
2026-04-14T03:39:40.170379-04:00 kali kernel: pci 0000:00:11.0: PCI bridge to [bus 02]
2026-04-14T03:39:40.170381-04:00 kali kernel: pci 0000:00:11.0:   bridge window [io  0x2000-0x3fff]
2026-04-14T03:39:40.170382-04:00 kali kernel: pci 0000:00:11.0:   bridge window [mem 0xfd500000-0xfdffffff]
2026-04-14T03:39:40.170383-04:00 kali kernel: pci 0000:00:11.0:   bridge window [mem 0xe7b00000-0xe7ffffff 64bit pref]
2026-04-14T03:39:40.170384-04:00 kali kernel: pci 0000:00:15.0: PCI bridge to [bus 03]
2026-04-14T03:39:40.170392-04:00 kali kernel: pci 0000:00:15.0:   bridge window [io  0x4000-0x4fff]
2026-04-14T03:39:40.170449-04:00 kali kernel: pci 0000:00:15.0:   bridge window [mem 0xfd400000-0xfd4fffff]
2026-04-14T03:39:40.170452-04:00 kali kernel: pci 0000:00:15.0:   bridge window [mem 0xe7a00000-0xe7afffff 64bit pref]
2026-04-14T03:39:40.170453-04:00 kali kernel: pci 0000:00:15.1: PCI bridge to [bus 04]
2026-04-14T03:39:40.170454-04:00 kali kernel: pci 0000:00:15.1:   bridge window [io  0x8000-0x8fff]
2026-04-14T03:39:40.170455-04:00 kali kernel: pci 0000:00:15.1:   bridge window [mem 0xfd000000-0xfd0fffff]
2026-04-14T03:39:40.170456-04:00 kali kernel: pci 0000:00:15.1:   bridge window [mem 0xe7600000-0xe76fffff 64bit pref]
2026-04-14T03:39:40.170491-04:00 kali kernel: pci 0000:00:15.2: PCI bridge to [bus 05]
2026-04-14T03:39:40.170494-04:00 kali kernel: pci 0000:00:15.2:   bridge window [io  0xc000-0xcfff]
2026-04-14T03:39:40.170495-04:00 kali kernel: pci 0000:00:15.2:   bridge window [mem 0xfcc00000-0xfccfffff]
2026-04-14T03:39:40.170496-04:00 kali kernel: pci 0000:00:15.2:   bridge window [mem 0xe7200000-0xe72fffff 64bit pref]
2026-04-14T03:39:40.170498-04:00 kali kernel: pci 0000:00:15.3: PCI bridge to [bus 06]
2026-04-14T03:39:40.170500-04:00 kali kernel: pci 0000:00:15.3:   bridge window [mem 0xfc800000-0xfc8fffff]
2026-04-14T03:39:40.170567-04:00 kali kernel: pci 0000:00:15.3:   bridge window [mem 0xe6e00000-0xe6efffff 64bit pref]
2026-04-14T03:39:40.170571-04:00 kali kernel: pci 0000:00:15.4: PCI bridge to [bus 07]
2026-04-14T03:39:40.170572-04:00 kali kernel: pci 0000:00:15.4:   bridge window [mem 0xfc400000-0xfc4fffff]
2026-04-14T03:39:40.170573-04:00 kali kernel: pci 0000:00:15.4:   bridge window [mem 0xe6a00000-0xe6afffff 64bit pref]
2026-04-14T03:39:40.170574-04:00 kali kernel: pci 0000:00:15.5: PCI bridge to [bus 08]
2026-04-14T03:39:40.170575-04:00 kali kernel: pci 0000:00:15.5:   bridge window [mem 0xfc000000-0xfc0fffff]
2026-04-14T03:39:40.170576-04:00 kali kernel: pci 0000:00:15.5:   bridge window [mem 0xe6600000-0xe66fffff 64bit pref]
2026-04-14T03:39:40.170620-04:00 kali kernel: pci 0000:00:15.6: PCI bridge to [bus 09]
2026-04-14T03:39:40.170623-04:00 kali kernel: pci 0000:00:15.6:   bridge window [mem 0xfbc00000-0xfbcfffff]
2026-04-14T03:39:40.170624-04:00 kali kernel: pci 0000:00:15.6:   bridge window [mem 0xe6200000-0xe62fffff 64bit pref]
2026-04-14T03:39:40.170626-04:00 kali kernel: pci 0000:00:15.7: PCI bridge to [bus 0a]
2026-04-14T03:39:40.170627-04:00 kali kernel: pci 0000:00:15.7:   bridge window [mem 0xfb800000-0xfb8fffff]
2026-04-14T03:39:40.170628-04:00 kali kernel: pci 0000:00:15.7:   bridge window [mem 0xe5e00000-0xe5efffff 64bit pref]
2026-04-14T03:39:40.170662-04:00 kali kernel: pci 0000:00:16.0: PCI bridge to [bus 0b]
2026-04-14T03:39:40.170664-04:00 kali kernel: pci 0000:00:16.0:   bridge window [io  0x5000-0x5fff]
2026-04-14T03:39:40.170666-04:00 kali kernel: pci 0000:00:16.0:   bridge window [mem 0xfd300000-0xfd3fffff]
2026-04-14T03:39:40.170667-04:00 kali kernel: pci 0000:00:16.0:   bridge window [mem 0xe7900000-0xe79fffff 64bit pref]
2026-04-14T03:39:40.170667-04:00 kali kernel: pci 0000:00:16.1: PCI bridge to [bus 0c]
2026-04-14T03:39:40.170668-04:00 kali kernel: pci 0000:00:16.1:   bridge window [io  0x9000-0x9fff]
2026-04-14T03:39:40.170673-04:00 kali kernel: pci 0000:00:16.1:   bridge window [mem 0xfcf00000-0xfcffffff]
2026-04-14T03:39:40.170703-04:00 kali kernel: pci 0000:00:16.1:   bridge window [mem 0xe7500000-0xe75fffff 64bit pref]
2026-04-14T03:39:40.170706-04:00 kali kernel: pci 0000:00:16.2: PCI bridge to [bus 0d]
2026-04-14T03:39:40.170706-04:00 kali kernel: pci 0000:00:16.2:   bridge window [io  0xd000-0xdfff]
2026-04-14T03:39:40.170708-04:00 kali kernel: pci 0000:00:16.2:   bridge window [mem 0xfcb00000-0xfcbfffff]
2026-04-14T03:39:40.170709-04:00 kali kernel: pci 0000:00:16.2:   bridge window [mem 0xe7100000-0xe71fffff 64bit pref]
2026-04-14T03:39:40.170709-04:00 kali kernel: pci 0000:00:16.3: PCI bridge to [bus 0e]
2026-04-14T03:39:40.170906-04:00 kali kernel: pci 0000:00:16.3:   bridge window [mem 0xfc700000-0xfc7fffff]
2026-04-14T03:39:40.170917-04:00 kali kernel: pci 0000:00:16.3:   bridge window [mem 0xe6d00000-0xe6dfffff 64bit pref]
2026-04-14T03:39:40.170918-04:00 kali kernel: pci 0000:00:16.4: PCI bridge to [bus 0f]
2026-04-14T03:39:40.170919-04:00 kali kernel: pci 0000:00:16.4:   bridge window [mem 0xfc300000-0xfc3fffff]
2026-04-14T03:39:40.170920-04:00 kali kernel: pci 0000:00:16.4:   bridge window [mem 0xe6900000-0xe69fffff 64bit pref]
2026-04-14T03:39:40.170921-04:00 kali kernel: pci 0000:00:16.5: PCI bridge to [bus 10]
2026-04-14T03:39:40.170995-04:00 kali kernel: pci 0000:00:16.5:   bridge window [mem 0xfbf00000-0xfbffffff]
2026-04-14T03:39:40.170998-04:00 kali kernel: pci 0000:00:16.5:   bridge window [mem 0xe6500000-0xe65fffff 64bit pref]
2026-04-14T03:39:40.170999-04:00 kali kernel: pci 0000:00:16.6: PCI bridge to [bus 11]
2026-04-14T03:39:40.171000-04:00 kali kernel: pci 0000:00:16.6:   bridge window [mem 0xfbb00000-0xfbbfffff]
2026-04-14T03:39:40.171001-04:00 kali kernel: pci 0000:00:16.6:   bridge window [mem 0xe6100000-0xe61fffff 64bit pref]
2026-04-14T03:39:40.220321-04:00 kali kernel: pci 0000:00:16.7: PCI bridge to [bus 12]
2026-04-14T03:39:40.220330-04:00 kali kernel: pci 0000:00:16.7:   bridge window [mem 0xfb700000-0xfb7fffff]
2026-04-14T03:39:40.220410-04:00 kali kernel: pci 0000:00:16.7:   bridge window [mem 0xe5d00000-0xe5dfffff 64bit pref]
2026-04-14T03:39:40.220412-04:00 kali kernel: pci 0000:00:17.0: PCI bridge to [bus 13]
2026-04-14T03:39:40.220414-04:00 kali kernel: pci 0000:00:17.0:   bridge window [io  0x6000-0x6fff]
2026-04-14T03:39:40.220415-04:00 kali kernel: pci 0000:00:17.0:   bridge window [mem 0xfd200000-0xfd2fffff]
2026-04-14T03:39:40.220416-04:00 kali kernel: pci 0000:00:17.0:   bridge window [mem 0xe7800000-0xe78fffff 64bit pref]
2026-04-14T03:39:40.220445-04:00 kali kernel: pci 0000:00:17.1: PCI bridge to [bus 14]
2026-04-14T03:39:40.220606-04:00 kali kernel: pci 0000:00:17.1:   bridge window [io  0xa000-0xafff]
2026-04-14T03:39:40.220612-04:00 kali kernel: pci 0000:00:17.1:   bridge window [mem 0xfce00000-0xfcefffff]
2026-04-14T03:39:40.220751-04:00 kali kernel: pci 0000:00:17.1:   bridge window [mem 0xe7400000-0xe74fffff 64bit pref]
2026-04-14T03:39:40.220755-04:00 kali kernel: pci 0000:00:17.2: PCI bridge to [bus 15]
2026-04-14T03:39:40.220756-04:00 kali kernel: pci 0000:00:17.2:   bridge window [io  0xe000-0xefff]
2026-04-14T03:39:40.220757-04:00 kali kernel: pci 0000:00:17.2:   bridge window [mem 0xfca00000-0xfcafffff]
2026-04-14T03:39:40.220774-04:00 kali kernel: pci 0000:00:17.2:   bridge window [mem 0xe7000000-0xe70fffff 64bit pref]
2026-04-14T03:39:40.220866-04:00 kali kernel: pci 0000:00:17.3: PCI bridge to [bus 16]
2026-04-14T03:39:40.220870-04:00 kali kernel: pci 0000:00:17.3:   bridge window [mem 0xfc600000-0xfc6fffff]
2026-04-14T03:39:40.220871-04:00 kali kernel: pci 0000:00:17.3:   bridge window [mem 0xe6c00000-0xe6cfffff 64bit pref]
2026-04-14T03:39:40.220872-04:00 kali kernel: pci 0000:00:17.4: PCI bridge to [bus 17]
2026-04-14T03:39:40.220873-04:00 kali kernel: pci 0000:00:17.4:   bridge window [mem 0xfc200000-0xfc2fffff]
2026-04-14T03:39:40.220874-04:00 kali kernel: pci 0000:00:17.4:   bridge window [mem 0xe6800000-0xe68fffff 64bit pref]
2026-04-14T03:39:40.220911-04:00 kali kernel: pci 0000:00:17.5: PCI bridge to [bus 18]
2026-04-14T03:39:40.220913-04:00 kali kernel: pci 0000:00:17.5:   bridge window [mem 0xfbe00000-0xfbefffff]
2026-04-14T03:39:40.220914-04:00 kali kernel: pci 0000:00:17.5:   bridge window [mem 0xe6400000-0xe64fffff 64bit pref]
2026-04-14T03:39:40.220915-04:00 kali kernel: pci 0000:00:17.6: PCI bridge to [bus 19]
2026-04-14T03:39:40.220916-04:00 kali kernel: pci 0000:00:17.6:   bridge window [mem 0xfba00000-0xfbafffff]
2026-04-14T03:39:40.220917-04:00 kali kernel: pci 0000:00:17.6:   bridge window [mem 0xe6000000-0xe60fffff 64bit pref]
2026-04-14T03:39:40.221118-04:00 kali kernel: pci 0000:00:17.7: PCI bridge to [bus 1a]
2026-04-14T03:39:40.221128-04:00 kali kernel: pci 0000:00:17.7:   bridge window [mem 0xfb600000-0xfb6fffff]
2026-04-14T03:39:40.221129-04:00 kali kernel: pci 0000:00:17.7:   bridge window [mem 0xe5c00000-0xe5cfffff 64bit pref]
2026-04-14T03:39:40.221131-04:00 kali kernel: pci 0000:00:18.0: PCI bridge to [bus 1b]
2026-04-14T03:39:40.221132-04:00 kali kernel: pci 0000:00:18.0:   bridge window [io  0x7000-0x7fff]
2026-04-14T03:39:40.221133-04:00 kali kernel: pci 0000:00:18.0:   bridge window [mem 0xfd100000-0xfd1fffff]
2026-04-14T03:39:40.221134-04:00 kali kernel: pci 0000:00:18.0:   bridge window [mem 0xe7700000-0xe77fffff 64bit pref]
2026-04-14T03:39:40.221257-04:00 kali kernel: pci 0000:00:18.1: PCI bridge to [bus 1c]
2026-04-14T03:39:40.221264-04:00 kali kernel: pci 0000:00:18.1:   bridge window [io  0xb000-0xbfff]
2026-04-14T03:39:40.221265-04:00 kali kernel: pci 0000:00:18.1:   bridge window [mem 0xfcd00000-0xfcdfffff]
2026-04-14T03:39:40.221266-04:00 kali kernel: pci 0000:00:18.1:   bridge window [mem 0xe7300000-0xe73fffff 64bit pref]
2026-04-14T03:39:40.221267-04:00 kali kernel: pci 0000:00:18.2: PCI bridge to [bus 1d]
2026-04-14T03:39:40.221267-04:00 kali kernel: pci 0000:00:18.2:   bridge window [mem 0xfc900000-0xfc9fffff]
2026-04-14T03:39:40.221349-04:00 kali kernel: pci 0000:00:18.2:   bridge window [mem 0xe6f00000-0xe6ffffff 64bit pref]
2026-04-14T03:39:40.221353-04:00 kali kernel: pci 0000:00:18.3: PCI bridge to [bus 1e]
2026-04-14T03:39:40.221354-04:00 kali kernel: pci 0000:00:18.3:   bridge window [mem 0xfc500000-0xfc5fffff]
2026-04-14T03:39:40.221355-04:00 kali kernel: pci 0000:00:18.3:   bridge window [mem 0xe6b00000-0xe6bfffff 64bit pref]
2026-04-14T03:39:40.221356-04:00 kali kernel: pci 0000:00:18.4: PCI bridge to [bus 1f]
2026-04-14T03:39:40.221358-04:00 kali kernel: pci 0000:00:18.4:   bridge window [mem 0xfc100000-0xfc1fffff]
2026-04-14T03:39:40.221366-04:00 kali kernel: pci 0000:00:18.4:   bridge window [mem 0xe6700000-0xe67fffff 64bit pref]
2026-04-14T03:39:40.221411-04:00 kali kernel: pci 0000:00:18.5: PCI bridge to [bus 20]
2026-04-14T03:39:40.221415-04:00 kali kernel: pci 0000:00:18.5:   bridge window [mem 0xfbd00000-0xfbdfffff]
2026-04-14T03:39:40.221416-04:00 kali kernel: pci 0000:00:18.5:   bridge window [mem 0xe6300000-0xe63fffff 64bit pref]
2026-04-14T03:39:40.221417-04:00 kali kernel: pci 0000:00:18.6: PCI bridge to [bus 21]
2026-04-14T03:39:40.221418-04:00 kali kernel: pci 0000:00:18.6:   bridge window [mem 0xfb900000-0xfb9fffff]
2026-04-14T03:39:40.221419-04:00 kali kernel: pci 0000:00:18.6:   bridge window [mem 0xe5f00000-0xe5ffffff 64bit pref]
2026-04-14T03:39:40.221455-04:00 kali kernel: pci 0000:00:18.7: PCI bridge to [bus 22]
2026-04-14T03:39:40.221458-04:00 kali kernel: pci 0000:00:18.7:   bridge window [mem 0xfb500000-0xfb5fffff]
2026-04-14T03:39:40.221459-04:00 kali kernel: pci 0000:00:18.7:   bridge window [mem 0xe5b00000-0xe5bfffff 64bit pref]
2026-04-14T03:39:40.221460-04:00 kali kernel: pci_bus 0000:00: resource 4 [mem 0x000a0000-0x000bffff window]
2026-04-14T03:39:40.221461-04:00 kali kernel: pci_bus 0000:00: resource 5 [mem 0x000cc000-0x000dbfff window]
2026-04-14T03:39:40.221462-04:00 kali kernel: pci_bus 0000:00: resource 6 [mem 0x80000000-0xfebfffff window]
2026-04-14T03:39:40.221495-04:00 kali kernel: pci_bus 0000:00: resource 7 [io  0x0000-0x0cf7 window]
2026-04-14T03:39:40.221498-04:00 kali kernel: pci_bus 0000:00: resource 8 [io  0x0d00-0xfeff window]
2026-04-14T03:39:40.221499-04:00 kali kernel: pci_bus 0000:02: resource 0 [io  0x2000-0x3fff]
2026-04-14T03:39:40.221500-04:00 kali kernel: pci_bus 0000:02: resource 1 [mem 0xfd500000-0xfdffffff]
2026-04-14T03:39:40.221501-04:00 kali kernel: pci_bus 0000:02: resource 2 [mem 0xe7b00000-0xe7ffffff 64bit pref]
2026-04-14T03:39:40.221502-04:00 kali kernel: pci_bus 0000:02: resource 4 [mem 0x000a0000-0x000bffff window]
2026-04-14T03:39:40.221503-04:00 kali kernel: pci_bus 0000:02: resource 5 [mem 0x000cc000-0x000dbfff window]
2026-04-14T03:39:40.221538-04:00 kali kernel: pci_bus 0000:02: resource 6 [mem 0x80000000-0xfebfffff window]
2026-04-14T03:39:40.221541-04:00 kali kernel: pci_bus 0000:02: resource 7 [io  0x0000-0x0cf7 window]
2026-04-14T03:39:40.221541-04:00 kali kernel: pci_bus 0000:02: resource 8 [io  0x0d00-0xfeff window]
2026-04-14T03:39:40.221542-04:00 kali kernel: pci_bus 0000:03: resource 0 [io  0x4000-0x4fff]
2026-04-14T03:39:40.221543-04:00 kali kernel: pci_bus 0000:03: resource 1 [mem 0xfd400000-0xfd4fffff]
2026-04-14T03:39:40.221544-04:00 kali kernel: pci_bus 0000:03: resource 2 [mem 0xe7a00000-0xe7afffff 64bit pref]
2026-04-14T03:39:40.221578-04:00 kali kernel: pci_bus 0000:04: resource 0 [io  0x8000-0x8fff]
2026-04-14T03:39:40.221580-04:00 kali kernel: pci_bus 0000:04: resource 1 [mem 0xfd000000-0xfd0fffff]
2026-04-14T03:39:40.221582-04:00 kali kernel: pci_bus 0000:04: resource 2 [mem 0xe7600000-0xe76fffff 64bit pref]
2026-04-14T03:39:40.221583-04:00 kali kernel: pci_bus 0000:05: resource 0 [io  0xc000-0xcfff]
2026-04-14T03:39:40.221584-04:00 kali kernel: pci_bus 0000:05: resource 1 [mem 0xfcc00000-0xfccfffff]
2026-04-14T03:39:40.221585-04:00 kali kernel: pci_bus 0000:05: resource 2 [mem 0xe7200000-0xe72fffff 64bit pref]
2026-04-14T03:39:40.221589-04:00 kali kernel: pci_bus 0000:06: resource 1 [mem 0xfc800000-0xfc8fffff]
2026-04-14T03:39:40.221803-04:00 kali kernel: pci_bus 0000:06: resource 2 [mem 0xe6e00000-0xe6efffff 64bit pref]
2026-04-14T03:39:40.221815-04:00 kali kernel: pci_bus 0000:07: resource 1 [mem 0xfc400000-0xfc4fffff]
2026-04-14T03:39:40.221817-04:00 kali kernel: pci_bus 0000:07: resource 2 [mem 0xe6a00000-0xe6afffff 64bit pref]
2026-04-14T03:39:40.221818-04:00 kali kernel: pci_bus 0000:08: resource 1 [mem 0xfc000000-0xfc0fffff]
2026-04-14T03:39:40.221819-04:00 kali kernel: pci_bus 0000:08: resource 2 [mem 0xe6600000-0xe66fffff 64bit pref]
2026-04-14T03:39:40.221820-04:00 kali kernel: pci_bus 0000:09: resource 1 [mem 0xfbc00000-0xfbcfffff]
2026-04-14T03:39:40.221935-04:00 kali kernel: pci_bus 0000:09: resource 2 [mem 0xe6200000-0xe62fffff 64bit pref]
2026-04-14T03:39:40.221941-04:00 kali kernel: pci_bus 0000:0a: resource 1 [mem 0xfb800000-0xfb8fffff]
2026-04-14T03:39:40.221942-04:00 kali kernel: pci_bus 0000:0a: resource 2 [mem 0xe5e00000-0xe5efffff 64bit pref]
2026-04-14T03:39:40.221943-04:00 kali kernel: pci_bus 0000:0b: resource 0 [io  0x5000-0x5fff]
2026-04-14T03:39:40.221944-04:00 kali kernel: pci_bus 0000:0b: resource 1 [mem 0xfd300000-0xfd3fffff]
2026-04-14T03:39:40.221945-04:00 kali kernel: pci_bus 0000:0b: resource 2 [mem 0xe7900000-0xe79fffff 64bit pref]
2026-04-14T03:39:40.222059-04:00 kali kernel: pci_bus 0000:0c: resource 0 [io  0x9000-0x9fff]
2026-04-14T03:39:40.222064-04:00 kali kernel: pci_bus 0000:0c: resource 1 [mem 0xfcf00000-0xfcffffff]
2026-04-14T03:39:40.222065-04:00 kali kernel: pci_bus 0000:0c: resource 2 [mem 0xe7500000-0xe75fffff 64bit pref]
2026-04-14T03:39:40.222066-04:00 kali kernel: pci_bus 0000:0d: resource 0 [io  0xd000-0xdfff]
2026-04-14T03:39:40.222067-04:00 kali kernel: pci_bus 0000:0d: resource 1 [mem 0xfcb00000-0xfcbfffff]
2026-04-14T03:39:40.222068-04:00 kali kernel: pci_bus 0000:0d: resource 2 [mem 0xe7100000-0xe71fffff 64bit pref]
2026-04-14T03:39:40.222069-04:00 kali kernel: pci_bus 0000:0e: resource 1 [mem 0xfc700000-0xfc7fffff]
2026-04-14T03:39:40.222122-04:00 kali kernel: pci_bus 0000:0e: resource 2 [mem 0xe6d00000-0xe6dfffff 64bit pref]
2026-04-14T03:39:40.222125-04:00 kali kernel: pci_bus 0000:0f: resource 1 [mem 0xfc300000-0xfc3fffff]
2026-04-14T03:39:40.222126-04:00 kali kernel: pci_bus 0000:0f: resource 2 [mem 0xe6900000-0xe69fffff 64bit pref]
2026-04-14T03:39:40.222127-04:00 kali kernel: pci_bus 0000:10: resource 1 [mem 0xfbf00000-0xfbffffff]
2026-04-14T03:39:40.222128-04:00 kali kernel: pci_bus 0000:10: resource 2 [mem 0xe6500000-0xe65fffff 64bit pref]
2026-04-14T03:39:40.222129-04:00 kali kernel: pci_bus 0000:11: resource 1 [mem 0xfbb00000-0xfbbfffff]
2026-04-14T03:39:40.222201-04:00 kali kernel: pci_bus 0000:11: resource 2 [mem 0xe6100000-0xe61fffff 64bit pref]
2026-04-14T03:39:40.222205-04:00 kali kernel: pci_bus 0000:12: resource 1 [mem 0xfb700000-0xfb7fffff]
